0000  30 74 ff 30 76 ff 30 78  ff 30 7a ff 30 7c ff 30
0010  7e ff 8d 20 00 8d 08 1d  e4 15 5a 8b 0a d6 08 24
0020  e4 5a 13 af d6 0c 1d a6  5a 7f 6b 3f a6 5a 20 fb
0030  41 a6 5a 1b 6b 3f e6 5c  f0 a6 5a 1a 6b 3a e6 5c
0040  10 a6 5a 0a 6b 32 e6 5c  ff a6 5a 0b 6b 2a a6 5a
0050  08 eb 0d d6 08 78 e6 5a  20 d6 0b 95 e6 5a 08 af
0060  a6 5a 0d eb 07 d6 0a d4  e6 5a 0d af a6 5a 0c 6b
0070  6c af d6 0b 95 e6 5c 01  04 5c 5b 4b 1c 5b 7d e4
0080  5c 60 e4 5b 5c 56 5c 0f  a6 5c 0d 7b 4f 90 60 fb
0090  03 26 5b 06 06 5b 03 cb  43 70 fd 31 60 0c fd 1c
00a0  00 2c fd 3c 10 4c 70 82  52 92 50 1e 3e 4a f8 4c
00b0  10 5c 20 92 50 1e 4a fb  1c 38 2e 0e 3c 70 39 5b
00c0  82 52 92 50 a0 e0 a0 e2  a6 e3 f0 7b f3 5c ff a2
00d0  25 7b ed 4c 38 92 50 1e  4a fb 50 fd af 70 fd 31
00e0  60 4c fd 5c 80 3c 20 2c  80 00 e5 92 34 2a fa 2c
00f0  02 3c ff 4e 92 34 5a fc  2a f9 50 fd b0 5b af 31
0100  f0 fc 00 ec fe bc 10 9c  08 8c 92 5c 07 4c 40 1c
0110  03 e6 06 e0 b0 07 b0 08  b0 f7 d6 08 dd 9f e6 58
0120  14 d6 0b f2 31 10 e6 5a  4b d6 0b 95 d6 08 24 68
0130  5a fc 16 d6 03 d9 fb 15  26 e6 31 02 66 e3 26 6e
0140  e3 36 e6 5a 3d d6 08 72  d6 0e 92 8b d7 a6 e6 2a
0150  eb 0a 76 0f 08 6b 36 56  0f f7 8b 1c e6 0f 04 b0
0160  0e 08 06 18 07 a6 e6 08  eb 06 4c 00 92 40 8b b4
0170  a6 e6 2b eb 36 d6 06 c9  d6 07 38 d6 0a d4 e6 58
0180  0c 76 0f 02 eb 0c 00 58  76 0f 08 eb 05 d6 0e 80
0190  8b 92 d6 0b f2 70 e0 70  e1 80 e0 d6 05 00 28 e4
01a0  38 e5 d6 0e 92 50 e1 50  e0 8b e5 a6 e6 2d e6 6e
01b0  0c eb 26 e6 6f e6 82 20  42 22 6b d4 a0 e0 82 30
01c0  56 e2 7f d6 0a a3 d6 0d  cc fb c2 b0 6d d6 0c 1d
01d0  a6 5a 2d eb bb a0 e0 8b  dd d6 03 e7 fb 5a 38 e6
01e0  d6 02 f4 fc 16 8c 80 42  84 98 e5 42 95 eb 01 9e
01f0  82 20 42 22 6b 1d 56 e2  7f a0 e0 82 30 d6 01 41
0200  76 0f 40 eb 2e 76 0f 20  eb 07 d6 05 93 a0 e0 8b
0210  df 80 e0 e6 6f d7 68 e8  d6 0c a4 68 e9 d6 0d cc
0220  7b 0b d6 0a 81 6e 5b 08  d6 0e 80 8b 03 d6 0c a4
0230  8d 09 24 d6 0a 81 8b db  a6 e6 5f eb 07 8f d6 27
0240  df 9f 8b ec a6 e6 40 eb  e7 19 50 09 51 82 60 a0
0250  e0 42 66 eb f8 19 52 09  53 d6 08 dd d6 26 ad 9f
0260  8b ce a0 fe a0 fe 20 5d  eb 13 0c fc 1c 00 2c 0c
0270  3c 0d 39 5a d6 08 27 82  30 a0 e0 2a f5 9f 8d 08
0280  24 d6 05 00 28 e0 38 e1  48 e0 58 e1 a0 e4 a0 e4
0290  82 74 90 e7 bb f8 82 74  92 72 a0 e2 a0 e4 42 77
02a0  eb f4 af d6 01 82 a6 e4  20 6b 03 d6 0a bd bc 15
02b0  e3 4b a6 e4 30 eb 0b be  a6 eb 1a 7b f3 49 5a 8d
02c0  08 72 d6 0a bd be e3 4b  a6 eb 1a 7b f5 af e6 5a
02d0  20 d6 08 72 76 5b 0f eb  f5 af 70 fd 31 50 4a 5e
02e0  68 fe 78 ff e6 fe fe b0  ff 4c 40 f0 80 46 03 80
02f0  56 03 7f 76 6d 80 6b 05  b6 03 40 8b 05 56 03 3f
0300  0b fe 0b fe ff 50 80 ff  50 80 ff 50 80 ff 50 80
0310  ff 50 80 ff 50 80 ff 50  80 ff 50 80 5e 6b 08 26
0320  ff 08 36 fe 00 8b c4 5c  fd ff ff 4a be 56 fa ef
0330  46 03 80 56 03 7f 69 fe  79 ff 4c 78 8b 1c a6 e4
0340  20 7b 0d a6 e4 25 fb 0c  56 03 7f 46 03 80 8b 0a
0350  a0 56 80 56 46 03 80 56  03 7f 50 fd bf 18 e2 02
0360  12 02 12 06 e1 e0 0c 0f  af 58 5b 56 e5 0f 38 e5
0370  90 e5 90 e5 02 35 58 e3  56 e3 07 56 e5 38 90 e5
0380  f0 e5 68 5b f0 e6 4c fe  56 e6 07 6e 06 e5 38 16
0390  e4 00 6a f8 af 70 fd 31  60 0c fd 18 5b 28 5a 92
03a0  20 d6 0b 5d 2c 03 d6 0b  69 c2 60 d6 0b bb c2 60
03b0  f0 e6 d6 0b bb 1e 2a f1  50 fd af 82 74 a0 e4 82
03c0  84 42 33 6b 0a a8 e3 90  e8 10 e7 10 e9 aa f8 56
03d0  e7 0f 56 e6 f0 42 76 42  33 6b 0a a8 e3 e0 e9 c0
03e0  e7 c0 e8 aa f8 92 84 80  e4 92 74 06 e5 08 16 e4
03f0  00 af 70 fd 31 50 ec 0e  fc 98 9c 5a c3 9e 76 ea
0400  80 6b f7 00 e8 eb f3 56  ea 7f d6 08 27 9c 5a c3
0410  9e 76 ea 80 6b f4 ac 20  50 fd 8d 08 72 a6 54 75
0420  eb fb 70 fd 31 60 2c 05  d6 0b 69 6c 00 d6 0b bb
0430  2a f9 0c fd 18 5b 82 20  29 5a 50 fd a6 54 75 eb
0440  fb d6 0b 95 d6 0c 56 76  6d 7f 6b d1 e4 6d 5a 56
0450  6d 80 56 5a 7f af 70 fd  31 60 0c 7f 1c 0f c2 20
0460  56 e2 f0 eb 07 1a f7 52  d0 50 fd af 42 dd eb f9
0470  dc 80 3c 40 26 e3 10 90  e2 fb f9 42 13 0c 0f c2
0480  30 0c ff 1c ff 82 20 a6  e3 15 6b 12 42 22 eb 0a
0490  b6 e3 10 a6 e3 1d eb 02  3c 7f 42 d3 2c 00 60 e2
04a0  92 20 8b c5 28 e0 38 e1  82 72 a0 e2 42 77 eb f8
04b0  92 72 80 e2 a2 31 6b 08  80 e2 82 72 a0 e2 8b f0
04c0  a2 02 7b f4 92 60 a0 e0  af d6 0c a4 6b 08 d6 08
04d0  24 68 5a a6 e6 60 af d6  0c c9 6b fa a6 e6 20 eb
04e0  f2 d6 0c ce 8b f6 a0 e0  82 60 69 5a d6 08 27 42
04f0  66 eb e0 af d6 0d 32 fb  71 d6 0d 09 eb 58 d4 6e
0500  fb 68 d6 0d 09 6b 2b 8b  2d a6 e6 3c 6b 5c a6 e6
0510  3d 6b 57 a6 e6 3e af a6  6f e6 6b 03 e6 6f c9 d4
0520  6e fb 47 a6 e6 22 eb f7  a6 6f e6 6b 03 e6 6f d7
0530  30 6e d4 6e fb 34 d6 0d  58 fb 2f ac 03 bc c1 dc
0540  03 d6 03 af 6b ec a6 e6  24 eb 1e d4 6e fb 1b dc
0550  03 d6 03 af 6b dc cf af  a6 e6 28 eb 0e d6 0d 32
0560  fb 08 a6 e6 29 eb ef 30  6e df af d6 03 d9 fb 1e
0570  d4 6e fb f6 d6 03 e2 fb  f0 d4 6e fb ed a6 e6 3b
0580  6b e7 a6 e6 0d 6b e2 a6  e6 5d eb ed 30 6e 4c 05
0590  d6 03 e7 7b 18 a6 e6 2d  6b 12 a6 e6 25 eb b7 d4
05a0  6e fb c7 d6 03 f2 fb 10  4a f5 cf af 4e d4 6e fb
05b0  b9 d6 03 e7 fb 02 4a f5  ef af 02 27 0d 37 23 23
05c0  0d 0d 27 0d 23 23 3a 23  60 60 50 ff e6 5a 41 d6
05d0  0b 95 b0 58 d4 6e fb 13  2c 07 3c c8 dc 17 c3 d2
05e0  20 58 a2 67 6b 06 a6 58  12 7b f1 af 38 58 06 e3
05f0  b9 e6 5c ff d6 08 78 d6  0b f2 2c 0d 4c 0e c2 52
0600  30 e4 d4 6e d6 03 d9 fb  e2 d4 6e 6c 3d d6 0d 32
0610  fb d9 a6 e6 2c 6b eb a6  e6 3b 6b b0 a6 e6 0d 6b
0620  14 cf af d4 6e 8b f0 d4  6e fb c0 a6 e6 3b 6b 9c
0630  a6 e6 0d eb f2 df af 5c  00 0d 5c 01 d6 0c f4 fb
0640  aa 42 55 eb c8 6c 3b e6  58 13 d6 0b f2 8d 0d cc
0650  d4 6e a6 e6 22 eb 03 d6  0d 17 d6 03 d9 7b c4 af
0660  d4 6e a6 e6 22 eb 03 d6  0d 17 a6 e6 3b 6b de a6
0670  e6 0d 6b c1 d6 0d 36 fb  a8 a6 e6 2c eb 99 8b e0
0680  d6 0a d4 e6 58 12 d6 0b  f2 b0 e2 38 0e 56 e3 f0
0690  f0 e3 d6 0a a3 8d 0a d4  cc 45 54 d0 52 4f 43 c7
06a0  4f 54 4f c9 46 c5 4c 53  45 d2 45 54 55 52 4e c7
06b0  4f 53 55 42 d7 41 49 54  d2 45 4d c3 41 4c 4c d3
06c0  54 4f 50 c5 4e 44 d4 52  41 50 d4 4f 46 46 d0 52
06d0  49 4e 54 d0 54 48 c9 4e  50 55 54 c5 52 52 4f 52
06e0  8b 54 48 45 4e c3 4f 4d  50 20 4a 55 2b 54 45 20
06f0  52 20 5c 5c 5c 5c 5c 5c  5c 5c 5c 5c 5c 5c 0a ff
0700  00 20 59 58 43 56 42 4e  4d 2c 2e 2f 0d 1b 00 00
0710  00 15 41 53 44 46 47 48  4a 4b 4c 2a 2d 0a 00 00
0720  00 3d 51 57 45 52 54 5a  55 49 4f 50 2b 0b 00 00
0730  00 0a 31 32 33 34 35 36  37 38 39 30 08 1a 00 00
0740  ff ff ff dd df df aa ff  ff 50 50 5f 69 69 6f 6d
0750  b7 6f 6d b7 af dd ff ff  db bb df bd dd bf 69 09
0760  6f fd 8d ff ff fd bf ff  0f ff ff ff bf ed b7 7f
0770  94 62 9f d9 dd 8f 1e 97  0f 1e 9e 1f 75 0d df 07
0780  1e 1f 97 16 9f 0e db bf  96 96 9f 96 8e 9f fb fb
0790  ff fd fd bf db 7b df f0  f0 ff bd ed bf 96 df df
07a0  86 47 8f 96 60 6f 16 16  1f 87 77 8f 16 66 1f 07
07b0  17 0f 07 17 7f 87 46 8f  66 06 6f 8d dd 8f 0e e6
07c0  9f 65 35 6f 77 77 0f 60  06 6f 62 46 6f 96 66 9f
07d0  16 17 7f 96 64 8f 16 15  6f 87 9e 1f 8d dd df 66
07e0  66 9f aa aa df 66 00 9f  66 96 6f aa dd df 0d b7
07f0  0f 9b bb 9f f0 66 0f 9d  dd 9f 7b de ef ff ff 0f
0800  ff ff ff ff ff ff ff ff  ff ff ff ff ff ff ff ff
0810  ff ff ff ff ff ff ff ff  ff ff ff ff ff ff ff ff
0820  ff ff ff ff ff ff ff ff  ff ff ff ff ff ff ff ff
0830  ff ff ff ff ff ff ff ff  ff ff ff ff ff ff ff ff
0840  ff ff ff ff ff ff ff ff  ff ff ff ff ff ff ff ff
0850  ff ff ff ff ff ff ff ff  ff ff ff ff ff ff ff ff
0860  ff ff ff ff ff ff ff ff  ff ff ff ff ff ff ff ff
0870  ff ff ff ff ff ff ff ff  ff ff ff ff ff ff ff ff
0880  ff ff ff ff ff ff ff ff  ff ff ff ff ff ff ff ff
0890  ff ff ff ff ff ff ff ff  ff ff ff ff ff ff ff ff
08a0  ff ff ff ff ff ff ff ff  ff ff ff ff ff ff ff ff
08b0  ff ff ff ff ff ff ff ff  ff ff ff ff ff ff ff ff
08c0  ff ff ff ff ff ff ff ff  ff ff ff ff ff ff ff ff
08d0  ff ff ff ff ff ff ff ff  ff ff ff ff ff ff ff ff
08e0  ff ff ff ff ff ff ff ff  ff ff ff ff ff ff ff ff
08f0  ff ff ff ff ff ff ff ff  ff ff ff ff ff ff ff ff
0900  ff ff ff ff ff ff ff ff  ff ff ff ff ff ff ff ff
0910  ff ff ff ff ff ff ff ff  ff ff ff ff ff ff ff ff
0920  ff ff ff ff ff ff ff ff  ff ff ff ff ff ff ff ff
0930  ff ff ff ff ff ff ff ff  ff ff ff ff ff ff ff ff
0940  ff ff ff ff ff ff ff ff  ff ff ff ff ff ff ff ff
0950  ff ff ff ff ff ff ff ff  ff ff ff ff ff ff ff ff
0960  ff ff ff ff ff ff ff ff  ff ff ff ff ff ff ff ff
0970  ff ff ff ff ff ff ff ff  ff ff ff ff ff ff ff ff
0980  ff ff ff ff ff ff ff ff  ff ff ff ff ff ff ff ff
0990  ff ff ff ff ff ff ff ff  ff ff ff ff ff ff ff ff
09a0  ff ff ff ff ff ff ff ff  ff ff ff ff ff ff ff ff
09b0  ff ff ff ff ff ff ff ff  ff ff ff ff ff ff ff ff
09c0  ff ff ff ff ff ff ff ff  ff ff ff ff ff ff ff ff
09d0  ff ff ff ff ff ff ff ff  ff ff ff ff ff ff ff ff
09e0  ff ff ff ff ff ff ff ff  ff ff ff ff ff ff ff ff
09f0  ff ff ff ff ff ff ff ff  ff ff ff ff ff ff ff ff
0a00  ff ff ff ff ff ff ff ff  ff ff ff ff ff ff ff ff
0a10  ff ff ff ff ff ff ff ff  ff ff ff ff ff ff ff ff
0a20  ff ff ff ff ff ff ff ff  ff ff ff ff ff ff ff ff
0a30  ff ff ff ff ff ff ff ff  ff ff ff ff ff ff ff ff
0a40  ff ff ff ff ff ff ff ff  ff ff ff ff ff ff ff ff
0a50  ff ff ff ff ff ff ff ff  ff ff ff ff ff ff ff ff
0a60  ff ff ff ff ff ff ff ff  ff ff ff ff ff ff ff ff
0a70  ff ff ff ff ff ff ff ff  ff ff ff ff ff ff ff ff
0a80  ff ff ff ff ff ff ff ff  ff ff ff ff ff ff ff ff
0a90  ff ff ff ff ff ff ff ff  ff ff ff ff ff ff ff ff
0aa0  ff ff ff ff ff ff ff ff  ff ff ff ff ff ff ff ff
0ab0  ff ff ff ff ff ff ff ff  ff ff ff ff ff ff ff ff
0ac0  ff ff ff ff ff ff ff ff  ff ff ff ff ff ff ff ff
0ad0  ff ff ff ff ff ff ff ff  ff ff ff ff ff ff ff ff
0ae0  ff ff ff ff ff ff ff ff  ff ff ff ff ff ff ff ff
0af0  ff ff ff ff ff ff ff ff  ff ff ff ff ff ff ff ff
0b00  ff ff ff ff ff ff ff ff  ff ff ff ff ff ff ff ff
0b10  ff ff ff ff ff ff ff ff  ff ff ff ff ff ff ff ff
0b20  ff ff ff ff ff ff ff ff  ff ff ff ff ff ff ff ff
0b30  ff ff ff ff ff ff ff ff  ff ff ff ff ff ff ff ff
0b40  ff ff ff ff ff ff ff ff  ff ff ff ff ff ff ff ff
0b50  ff ff ff ff ff ff ff ff  ff ff ff ff ff ff ff ff
0b60  ff ff ff ff ff ff ff ff  ff ff ff ff ff ff ff ff
0b70  ff ff ff ff ff ff ff ff  ff ff ff ff ff ff ff ff
0b80  ff ff ff ff ff ff ff ff  ff ff ff ff ff ff ff ff
0b90  ff ff ff ff ff ff ff ff  ff ff ff ff ff ff ff ff
0ba0  ff ff ff ff ff ff ff ff  ff ff ff ff ff ff ff ff
0bb0  ff ff ff ff ff ff ff ff  ff ff ff ff ff ff ff ff
0bc0  ff ff ff ff ff ff ff ff  ff ff ff ff ff ff ff ff
0bd0  ff ff ff ff ff ff ff ff  ff ff ff ff ff ff ff ff
0be0  ff ff ff ff ff ff ff ff  ff ff ff ff ff ff ff ff
0bf0  ff ff ff ff ff ff ff ff  ff ff ff ff ff ff ff ff
0c00  ff ff ff ff ff ff ff ff  ff ff ff ff ff ff ff ff
0c10  ff ff ff ff ff ff ff ff  ff ff ff ff ff ff ff ff
0c20  ff ff ff ff ff ff ff ff  ff ff ff ff ff ff ff ff
0c30  ff ff ff ff ff ff ff ff  ff ff ff ff ff ff ff ff
0c40  ff ff ff ff ff ff ff ff  ff ff ff ff ff ff ff ff
0c50  ff ff ff ff ff ff ff ff  ff ff ff ff ff ff ff ff
0c60  ff ff ff ff ff ff ff ff  ff ff ff ff ff ff ff ff
0c70  ff ff ff ff ff ff ff ff  ff ff ff ff ff ff ff ff
0c80  ff ff ff ff ff ff ff ff  ff ff ff ff ff ff ff ff
0c90  ff ff ff ff ff ff ff ff  ff ff ff ff ff ff ff ff
0ca0  ff ff ff ff ff ff ff ff  ff ff ff ff ff ff ff ff
0cb0  ff ff ff ff ff ff ff ff  ff ff ff ff ff ff ff ff
0cc0  ff ff ff ff ff ff ff ff  ff ff ff ff ff ff ff ff
0cd0  ff ff ff ff ff ff ff ff  ff ff ff ff ff ff ff ff
0ce0  ff ff ff ff ff ff ff ff  ff ff ff ff ff ff ff ff
0cf0  ff ff ff ff ff ff ff ff  ff ff ff ff ff ff ff ff
0d00  ff ff ff ff ff ff ff ff  ff ff ff ff ff ff ff ff
0d10  ff ff ff ff ff ff ff ff  ff ff ff ff ff ff ff ff
0d20  ff ff ff ff ff ff ff ff  ff ff ff ff ff ff ff ff
0d30  ff ff ff ff ff ff ff ff  ff ff ff ff ff ff ff ff
0d40  ff ff ff ff ff ff ff ff  ff ff ff ff ff ff ff ff
0d50  ff ff ff ff ff ff ff ff  ff ff ff ff ff ff ff ff
0d60  ff ff ff ff ff ff ff ff  ff ff ff ff ff ff ff ff
0d70  ff ff ff ff ff ff ff ff  ff ff ff ff ff ff ff ff
0d80  ff ff ff ff ff ff ff ff  ff ff ff ff ff ff ff ff
0d90  ff ff ff ff ff ff ff ff  ff ff ff ff ff ff ff ff
0da0  ff ff ff ff ff ff ff ff  ff ff ff ff ff ff ff ff
0db0  ff ff ff ff ff ff ff ff  ff ff ff ff ff ff ff ff
0dc0  ff ff ff ff ff ff ff ff  ff ff ff ff ff ff ff ff
0dd0  ff ff ff ff ff ff ff ff  ff ff ff ff ff ff ff ff
0de0  ff ff ff ff ff ff ff ff  ff ff ff ff ff ff ff ff
0df0  ff ff ff ff ff ff ff ff  ff ff ff ff ff ff ff ff
0e00  ff ff ff ff ff ff ff ff  ff ff ff ff ff ff ff ff
0e10  ff ff ff ff ff ff ff ff  ff ff ff ff ff ff ff ff
0e20  ff ff ff ff ff ff ff ff  ff ff ff ff ff ff ff ff
0e30  ff ff ff ff ff ff ff ff  ff ff ff ff ff ff ff ff
0e40  ff ff ff ff ff ff ff ff  ff ff ff ff ff ff ff ff
0e50  ff ff ff ff ff ff ff ff  ff ff ff ff ff ff ff ff
0e60  ff ff ff ff ff ff ff ff  ff ff ff ff ff ff ff ff
0e70  ff ff ff ff ff ff ff ff  ff ff ff ff ff ff ff ff
0e80  ff ff ff ff ff ff ff ff  ff ff ff ff ff ff ff ff
0e90  ff ff ff ff ff ff ff ff  ff ff ff ff ff ff ff ff
0ea0  ff ff ff ff ff ff ff ff  ff ff ff ff ff ff ff ff
0eb0  ff ff ff ff ff ff ff ff  ff ff ff ff ff ff ff ff
0ec0  ff ff ff ff ff ff ff ff  ff ff ff ff ff ff ff ff
0ed0  ff ff ff ff ff ff ff ff  ff ff ff ff ff ff ff ff
0ee0  ff ff ff ff ff ff ff ff  ff ff ff ff ff ff ff ff
0ef0  ff ff ff ff ff ff ff ff  ff ff ff ff ff ff ff ff
0f00  ff ff ff ff ff ff ff ff  ff ff ff ff ff ff ff ff
0f10  ff ff ff ff ff ff ff ff  ff ff ff ff ff ff ff ff
0f20  ff ff ff ff ff ff ff ff  ff ff ff ff ff ff ff ff
0f30  ff ff ff ff ff ff ff ff  ff ff ff ff ff ff ff ff
0f40  ff ff ff ff ff ff ff ff  ff ff ff ff ff ff ff ff
0f50  ff ff ff ff ff ff ff ff  ff ff ff ff ff ff ff ff
0f60  ff ff ff ff ff ff ff ff  ff ff ff ff ff ff ff ff
0f70  ff ff ff ff ff ff ff ff  ff ff ff ff ff ff ff ff
0f80  ff ff ff ff ff ff ff ff  ff ff ff ff ff ff ff ff
0f90  ff ff ff ff ff ff ff ff  ff ff ff ff ff ff ff ff
0fa0  ff ff ff ff ff ff ff ff  ff ff ff ff ff ff ff ff
0fb0  ff ff ff ff ff ff ff ff  ff ff ff ff ff ff ff ff
0fc0  ff ff ff ff ff ff ff ff  ff ff ff ff ff ff ff ff
0fd0  ff ff ff ff ff ff ff ff  ff ff ff ff ff ff ff ff
0fe0  ff ff ff ff ff ff ff ff  ff ff ff ff ff ff ff ff
0ff0  ff ff ff ff ff ff ff ff  ff ff ff ff ff ff ff ff
1000  ff ff ff ff ff ff ff ff  ff ff ff ff ff ff ff ff
1010  ff ff ff ff ff ff ff ff  ff ff ff ff ff ff ff ff
1020  ff ff ff ff ff ff ff ff  ff ff ff ff ff ff ff ff
1030  ff ff ff ff ff ff ff ff  ff ff ff ff ff ff ff ff
1040  ff ff ff ff ff ff ff ff  ff ff ff ff ff ff ff ff
1050  ff ff ff ff ff ff ff ff  ff ff ff ff ff ff ff ff
1060  ff ff ff ff ff ff ff ff  ff ff ff ff ff ff ff ff
1070  ff ff ff ff ff ff ff ff  ff ff ff ff ff ff ff ff
1080  ff ff ff ff ff ff ff ff  ff ff ff ff ff ff ff ff
1090  ff ff ff ff ff ff ff ff  ff ff ff ff ff ff ff ff
10a0  ff ff ff ff ff ff ff ff  ff ff ff ff ff ff ff ff
10b0  ff ff ff ff ff ff ff ff  ff ff ff ff ff ff ff ff
10c0  ff ff ff ff ff ff ff ff  ff ff ff ff ff ff ff ff
10d0  ff ff ff ff ff ff ff ff  ff ff ff ff ff ff ff ff
10e0  ff ff ff ff ff ff ff ff  ff ff ff ff ff ff ff ff
10f0  ff ff ff ff ff ff ff ff  ff ff ff ff ff ff ff ff
1100  ff ff ff ff ff ff ff ff  ff ff ff ff ff ff ff ff
1110  ff ff ff ff ff ff ff ff  ff ff ff ff ff ff ff ff
1120  ff ff ff ff ff ff ff ff  ff ff ff ff ff ff ff ff
1130  ff ff ff ff ff ff ff ff  ff ff ff ff ff ff ff ff
1140  ff ff ff ff ff ff ff ff  ff ff ff ff ff ff ff ff
1150  ff ff ff ff ff ff ff ff  ff ff ff ff ff ff ff ff
1160  ff ff ff ff ff ff ff ff  ff ff ff ff ff ff ff ff
1170  ff ff ff ff ff ff ff ff  ff ff ff ff ff ff ff ff
1180  ff ff ff ff ff ff ff ff  ff ff ff ff ff ff ff ff
1190  ff ff ff ff ff ff ff ff  ff ff ff ff ff ff ff ff
11a0  ff ff ff ff ff ff ff ff  ff ff ff ff ff ff ff ff
11b0  ff ff ff ff ff ff ff ff  ff ff ff ff ff ff ff ff
11c0  ff ff ff ff ff ff ff ff  ff ff ff ff ff ff ff ff
11d0  ff ff ff ff ff ff ff ff  ff ff ff ff ff ff ff ff
11e0  ff ff ff ff ff ff ff ff  ff ff ff ff ff ff ff ff
11f0  ff ff ff ff ff ff ff ff  ff ff ff ff ff ff ff ff
1200  ff ff ff ff ff ff ff ff  ff ff ff ff ff ff ff ff
1210  ff ff ff ff ff ff ff ff  ff ff ff ff ff ff ff ff
1220  ff ff ff ff ff ff ff ff  ff ff ff ff ff ff ff ff
1230  ff ff ff ff ff ff ff ff  ff ff ff ff ff ff ff ff
1240  ff ff ff ff ff ff ff ff  ff ff ff ff ff ff ff ff
1250  ff ff ff ff ff ff ff ff  ff ff ff ff ff ff ff ff
1260  ff ff ff ff ff ff ff ff  ff ff ff ff ff ff ff ff
1270  ff ff ff ff ff ff ff ff  ff ff ff ff ff ff ff ff
1280  ff ff ff ff ff ff ff ff  ff ff ff ff ff ff ff ff
1290  ff ff ff ff ff ff ff ff  ff ff ff ff ff ff ff ff
12a0  ff ff ff ff ff ff ff ff  ff ff ff ff ff ff ff ff
12b0  ff ff ff ff ff ff ff ff  ff ff ff ff ff ff ff ff
12c0  ff ff ff ff ff ff ff ff  ff ff ff ff ff ff ff ff
12d0  ff ff ff ff ff ff ff ff  ff ff ff ff ff ff ff ff
12e0  ff ff ff ff ff ff ff ff  ff ff ff ff ff ff ff ff
12f0  ff ff ff ff ff ff ff ff  ff ff ff ff ff ff ff ff
1300  ff ff ff ff ff ff ff ff  ff ff ff ff ff ff ff ff
1310  ff ff ff ff ff ff ff ff  ff ff ff ff ff ff ff ff
1320  ff ff ff ff ff ff ff ff  ff ff ff ff ff ff ff ff
1330  ff ff ff ff ff ff ff ff  ff ff ff ff ff ff ff ff
1340  ff ff ff ff ff ff ff ff  ff ff ff ff ff ff ff ff
1350  ff ff ff ff ff ff ff ff  ff ff ff ff ff ff ff ff
1360  ff ff ff ff ff ff ff ff  ff ff ff ff ff ff ff ff
1370  ff ff ff ff ff ff ff ff  ff ff ff ff ff ff ff ff
1380  ff ff ff ff ff ff ff ff  ff ff ff ff ff ff ff ff
1390  ff ff ff ff ff ff ff ff  ff ff ff ff ff ff ff ff
13a0  ff ff ff ff ff ff ff ff  ff ff ff ff ff ff ff ff
13b0  ff ff ff ff ff ff ff ff  ff ff ff ff ff ff ff ff
13c0  ff ff ff ff ff ff ff ff  ff ff ff ff ff ff ff ff
13d0  ff ff ff ff ff ff ff ff  ff ff ff ff ff ff ff ff
13e0  ff ff ff ff ff ff ff ff  ff ff ff ff ff ff ff ff
13f0  ff ff ff ff ff ff ff ff  ff ff ff ff ff ff ff ff
1400  ff ff ff ff ff ff ff ff  ff ff ff ff ff ff ff ff
1410  ff ff ff ff ff ff ff ff  ff ff ff ff ff ff ff ff
1420  ff ff ff ff ff ff ff ff  ff ff ff ff ff ff ff ff
1430  ff ff ff ff ff ff ff ff  ff ff ff ff ff ff ff ff
1440  ff ff ff ff ff ff ff ff  ff ff ff ff ff ff ff ff
1450  ff ff ff ff ff ff ff ff  ff ff ff ff ff ff ff ff
1460  ff ff ff ff ff ff ff ff  ff ff ff ff ff ff ff ff
1470  ff ff ff ff ff ff ff ff  ff ff ff ff ff ff ff ff
1480  ff ff ff ff ff ff ff ff  ff ff ff ff ff ff ff ff
1490  ff ff ff ff ff ff ff ff  ff ff ff ff ff ff ff ff
14a0  ff ff ff ff ff ff ff ff  ff ff ff ff ff ff ff ff
14b0  ff ff ff ff ff ff ff ff  ff ff ff ff ff ff ff ff
14c0  ff ff ff ff ff ff ff ff  ff ff ff ff ff ff ff ff
14d0  ff ff ff ff ff ff ff ff  ff ff ff ff ff ff ff ff
14e0  ff ff ff ff ff ff ff ff  ff ff ff ff ff ff ff ff
14f0  ff ff ff ff ff ff ff ff  ff ff ff ff ff ff ff ff
1500  ff ff ff ff ff ff ff ff  ff ff ff ff ff ff ff ff
1510  ff ff ff ff ff ff ff ff  ff ff ff ff ff ff ff ff
1520  ff ff ff ff ff ff ff ff  ff ff ff ff ff ff ff ff
1530  ff ff ff ff ff ff ff ff  ff ff ff ff ff ff ff ff
1540  ff ff ff ff ff ff ff ff  ff ff ff ff ff ff ff ff
1550  ff ff ff ff ff ff ff ff  ff ff ff ff ff ff ff ff
1560  ff ff ff ff ff ff ff ff  ff ff ff ff ff ff ff ff
1570  ff ff ff ff ff ff ff ff  ff ff ff ff ff ff ff ff
1580  ff ff ff ff ff ff ff ff  ff ff ff ff ff ff ff ff
1590  ff ff ff ff ff ff ff ff  ff ff ff ff ff ff ff ff
15a0  ff ff ff ff ff ff ff ff  ff ff ff ff ff ff ff ff
15b0  ff ff ff ff ff ff ff ff  ff ff ff ff ff ff ff ff
15c0  ff ff ff ff ff ff ff ff  ff ff ff ff ff ff ff ff
15d0  ff ff ff ff ff ff ff ff  ff ff ff ff ff ff ff ff
15e0  ff ff ff ff ff ff ff ff  ff ff ff ff ff ff ff ff
15f0  ff ff ff ff ff ff ff ff  ff ff ff ff ff ff ff ff
1600  ff ff ff ff ff ff ff ff  ff ff ff ff ff ff ff ff
1610  ff ff ff ff ff ff ff ff  ff ff ff ff ff ff ff ff
1620  ff ff ff ff ff ff ff ff  ff ff ff ff ff ff ff ff
1630  ff ff ff ff ff ff ff ff  ff ff ff ff ff ff ff ff
1640  ff ff ff ff ff ff ff ff  ff ff ff ff ff ff ff ff
1650  ff ff ff ff ff ff ff ff  ff ff ff ff ff ff ff ff
1660  ff ff ff ff ff ff ff ff  ff ff ff ff ff ff ff ff
1670  ff ff ff ff ff ff ff ff  ff ff ff ff ff ff ff ff
1680  ff ff ff ff ff ff ff ff  ff ff ff ff ff ff ff ff
1690  ff ff ff ff ff ff ff ff  ff ff ff ff ff ff ff ff
16a0  ff ff ff ff ff ff ff ff  ff ff ff ff ff ff ff ff
16b0  ff ff ff ff ff ff ff ff  ff ff ff ff ff ff ff ff
16c0  ff ff ff ff ff ff ff ff  ff ff ff ff ff ff ff ff
16d0  ff ff ff ff ff ff ff ff  ff ff ff ff ff ff ff ff
16e0  ff ff ff ff ff ff ff ff  ff ff ff ff ff ff ff ff
16f0  ff ff ff ff ff ff ff ff  ff ff ff ff ff ff ff ff
1700  ff ff ff ff ff ff ff ff  ff ff ff ff ff ff ff ff
1710  ff ff ff ff ff ff ff ff  ff ff ff ff ff ff ff ff
1720  ff ff ff ff ff ff ff ff  ff ff ff ff ff ff ff ff
1730  ff ff ff ff ff ff ff ff  ff ff ff ff ff ff ff ff
1740  ff ff ff ff ff ff ff ff  ff ff ff ff ff ff ff ff
1750  ff ff ff ff ff ff ff ff  ff ff ff ff ff ff ff ff
1760  ff ff ff ff ff ff ff ff  ff ff ff ff ff ff ff ff
1770  ff ff ff ff ff ff ff ff  ff ff ff ff ff ff ff ff
1780  ff ff ff ff ff ff ff ff  ff ff ff ff ff ff ff ff
1790  ff ff ff ff ff ff ff ff  ff ff ff ff ff ff ff ff
17a0  ff ff ff ff ff ff ff ff  ff ff ff ff ff ff ff ff
17b0  ff ff ff ff ff ff ff ff  ff ff ff ff ff ff ff ff
17c0  ff ff ff ff ff ff ff ff  ff ff ff ff ff ff ff ff
17d0  ff ff ff ff ff ff ff ff  ff ff ff ff ff ff ff ff
17e0  ff ff ff ff ff ff ff ff  ff ff ff ff ff ff ff ff
17f0  ff ff ff ff ff ff ff ff  ff ff ff ff ff ff ff ff
1800  8f 31 f0 fc 00 ec fe bc  10 9c 08 8c 92 5c 07 4c
1810  40 1c 03 b0 6d 31 60 cc  04 e6 7c 0a e6 7d da c9
1820  58 d6 21 0a ca f9 9f d6  08 24 a6 5a 42 6d 08 ff
1830  a6 5a 53 eb 03 d6 26 8f  a6 5a 4c eb 03 d6 27 d1
1840  a6 5a 52 eb 03 d6 23 52  a6 5a 50 6d 23 e4 a6 5a
1850  49 eb ad d6 08 24 a6 5a  21 eb a5 8f 0c fd 1c 00
1860  2c 00 3c 08 80 e0 92 20  a2 30 7b f8 8b 92 d0 52
1870  4f 47 8d 20 20 50 c4 41  54 41 8c 20 45 4d 52 2d
1880  45 53 20 31 39 38 38 0d  20 0d 20 20 42 20 42 41
1890  53 49 43 0d 20 20 49 20  49 4e 49 54 0d 20 20 53
18a0  20 53 41 56 45 0d 20 20  4c 20 4c 4f 41 44 0d 20
18b0  20 52 8c 4d 54 42 d6 20  b9 f0 5d e4 5d 5a 56 5a
18c0  0f a6 5a 0a 7b 03 06 5a  07 06 5a 30 8d 08 72 70
18d0  fd 31 50 cc 5d 83 ce 50  fd 8b db e4 5e 5d d6 20
18e0  b6 e4 5f 5d 8b d0 e6 6b  03 a6 5d d4 6b 15 e4 5d
18f0  6a 56 6a 0f a6 6a 0e fb  0d a6 6a 0c 6b 05 76 6a
1900  04 eb 06 00 6b af e6 6b  01 af 70 fd 31 50 ec 20
1910  fc 6e 8d 0b fa 26 e1 04  36 e0 00 82 30 80 e0 82
1920  20 06 e1 05 16 e0 00 af  d6 21 15 22 35 32 24 af
1930  08 52 18 53 82 20 42 22  6b 0f d6 21 28 42 23 6b
1940  08 26 e1 06 36 e0 00 8b  eb cf 82 20 42 22 6b 04
1950  a6 e2 3a df af 08 52 18  53 2c 69 82 30 a3 32 eb
1960  10 80 e0 00 e2 a6 e2 66  fb f1 06 e1 04 16 e0 00
1970  af 42 33 eb 02 df af 26  e2 63 22 12 36 e0 00 8b
1980  d8 d6 21 30 fb 07 eb 05  d6 21 41 8b f7 26 e1 05
1990  36 e0 00 2c 06 3c 64 93  30 2a fc af d6 21 55 fb
19a0  d4 d6 21 30 6b e7 d6 21  41 8b f9 a8 52 b8 53 08
19b0  ea 18 eb d6 21 49 fb e3  6b 3d 2c 03 3c 66 9c 3a
19c0  80 e0 80 e0 83 30 2a fc  d6 21 55 7b ce d6 21 15
19d0  08 ea 18 eb 48 e2 58 e3  d6 21 15 82 62 76 e6 04
19e0  6b 0c 04 71 e5 14 70 e4  a0 e2 92 42 8b 05 22 53
19f0  26 e5 02 a0 e2 92 52 26  eb 06 36 ea 00 8b b0 68
1a00  e4 78 e5 ac fc a0 e6 82  b6 42 bb eb f6 ae eb f5
1a10  af d6 21 ff a8 e6 b8 e7  80 ea 88 e6 98 e7 22 95
1a20  32 84 82 ca 92 c6 80 e6  80 ea 80 e8 eb f4 ac ff
1a30  bc ff 92 a4 08 52 18 53  d6 21 28 7b 1c 26 e1 04
1a40  36 e0 00 82 30 22 3b 92  30 80 e0 82 20 32 2a 92
1a50  20 80 e0 d6 21 49 7b e0  af 26 e1 06 36 e0 00 8b
1a60  f2 d6 21 ff 82 c4 c9 5d  d6 20 e6 70 eb 02 b5 b0
1a70  ea 12 a4 22 7b 32 6a 88  e4 98 e5 82 ca 92 c8 a0
1a80  ea a0 e8 80 e6 eb f4 d6  21 30 fb 22 88 e0 98 e1
1a90  a8 e0 b8 e1 26 eb 06 36  ea 00 6c 06 82 ca 92 c8
1aa0  80 e8 80 ea 6a f6 82 c8  42 cc eb ee 8b d9 ac 00
1ab0  50 eb 8b 80 d6 08 24 a6  5a 30 7b 05 a6 5a 46 3b
1ac0  02 df af a6 5a 3a 6b f9  cf af 31 50 bc 70 e8 70
1ad0  f8 71 d6 20 db be 31 60  cc 06 e6 5a 20 d6 08 72
1ae0  ca fb 26 5b 06 d6 22 b4  7b 09 c8 5a d6 22 b4 fb
1af0  03 42 cc af d6 23 06 38  5a c9 5a d6 23 06 c8 5a
1b00  f0 ec 42 c3 cf af a6 5a  3a 7b 03 06 5a 09 56 5a
1b10  0f af a6 5a 2b eb 03 a0  ee af a6 5a 47 eb fa d6
1b20  22 e5 fb 24 eb f3 cc 03  d6 08 24 70 5a ca f9 cc
1b30  03 9c 68 51 e9 00 e9 ca  fa 9c 3a d6 21 55 7b d9
1b40  d6 21 15 e8 e2 f8 e3 af  e8 ec d6 22 e5 7b ca f8
1b50  ec af d6 08 dd 70 fd 31  60 e9 70 f9 71 31 50 8c
1b60  03 d6 21 0a e8 6e f8 6f  d6 20 db d6 0a ce 31 60
1b70  cc 06 bc 04 e4 5f 5a d6  20 be e6 5a 20 d6 08 72
1b80  42 ee 6b 05 d6 20 cf 8b  08 e5 5f 5d 20 5f d6 20
1b90  b6 ba e7 ca dd d6 22 ca  7b 15 31 70 42 00 6b 06
1ba0  2c 6c 93 20 8b 05 f5 6c  e1 a0 e0 b0 5b 8b ae a6
1bb0  5a 60 7b 03 50 fd af a6  5a 0d eb 09 dc 00 06 ef
1bc0  04 12 ed 8b 1a a6 5a 2d  eb 12 80 70 48 70 58 71
1bd0  22 5f 32 4e fb d5 e8 70  f8 71 8b cf d6 23 12 b0
1be0  5b 8d 23 57 70 fc 70 fd  31 50 8c 05 d6 21 0a e8
1bf0  e2 f8 e3 d6 20 db bc 04  31 60 d6 23 1f 7b 04 e9
1c00  52 f9 53 50 fd 8f d6 08  dd e6 58 01 d6 21 0a 50
1c10  6c 70 6c 70 fd 31 50 fc  08 ac 30 90 6c 12 a8 d6
1c20  08 72 fa f5 f8 6f e8 6e  b0 70 82 de d6 20 e6 f9
1c30  71 04 6b 71 14 ee 70 d6  26 0e a6 5b 70 7b f8 9f
1c40  d6 22 ca fb 2c ed 24 d3  e6 5b 73 d6 0b 95 e6 5b
1c50  70 cc 03 d6 08 24 70 5a  ca f9 cc 03 9c 68 51 e9
1c60  00 e9 ca fa 9c 3a 48 70  58 71 d6 21 9c fb 15 8b
1c70  cf 31 70 38 6c 39 5d 92  30 31 60 d6 20 e6 e8 70
1c80  f8 71 ba 05 50 fd 8d 24  05 d6 22 e5 fb 32 eb f4
1c90  a6 73 d6 6b 0d 56 73 0f  a6 73 0c 6b e7 a6 73 0a
1ca0  7b e2 cc 03 d6 08 24 70  5a ca f9 cc 03 6c 69 51
1cb0  e6 00 e6 ca fa 48 70 58  71 6c 3a d6 21 81 8b c4
1cc0  a0 70 31 70 38 6c 92 30  00 6b 6b b8 31 60 d6 22
1cd0  e5 8b ed a6 5a 51 eb 07  e9 70 f9 71 8d 24 40 a6
1ce0  5a 2d eb 06 80 6e b0 6d  8b 9a a6 5a 54 eb 44 70
1cf0  ee 70 ef d6 23 1f b0 70  b0 71 50 e5 50 e4 7b 08
1d00  22 f5 32 e4 e9 70 f9 71  e8 e4 f8 e5 8f d6 21 ab
1d10  fd 24 84 9f 9c 3f 70 e9  cc 03 9c 68 71 e9 00 e9
1d20  ca fa e6 5b 75 cc 04 50  5a d6 08 72 ca f9 d6 0a
1d30  d4 8b a9 a6 5a 49 48 70  58 71 eb 05 d6 22 11 8b
1d40  a7 a6 5a 58 eb 05 d6 22  61 8b 9d 82 be b9 5d d6
1d50  20 e6 a6 5a 0d eb 08 b0  ed 02 fb 12 ed 8b 89 a6
1d60  5a 4e eb 0c b0 70 b9 71  04 ef 71 14 ee 70 8b 17
1d70  a6 5a 48 eb 16 70 6e 70  6f d6 23 1f e9 70 f9 71
1d80  50 6f 50 6e 7d 24 e8 50  fd 8b 3c 50 fd a6 5a 4c
1d90  eb 04 50 fc 30 6e a6 5a  52 eb 13 70 6e 70 6f b0
1da0  6e e4 fd 6f d6 23 52 50  6f 50 6e 8d 24 05 a6 5a
1db0  60 7b 03 8d 20 00 a6 5a  53 6b 0a 70 fd 31 60 d6
1dc0  23 12 8d 24 84 b0 70 8f  56 f1 fc e6 7c 25 e6 7d
1dd0  e3 56 fa 2f e6 f4 04 50  fc 70 6f 70 6e 70 fc 46
1de0  f1 03 bf 56 f1 fc 50 fc  50 6e 50 6f 70 fc 56 fa
1df0  2f 44 70 70 6b 0a a4 6e  70 eb dc a4 6f 71 eb d7
1e00  e6 7c 0a e6 7d da e6 f4  40 46 f1 03 8b 9d 31 60
1e10  48 5e 58 5f d6 21 30 fb  1c 6b 05 d6 21 41 8b f7
1e20  cc 04 82 20 70 e2 80 e0  ca f8 cc 04 50 5a d6 08
1e30  72 ca f9 8b 03 d6 20 db  31 50 ac 20 d6 08 72 82
1e40  de d6 20 b6 d6 20 e6 ac  20 d6 08 72 31 60 48 5e
1e50  58 5f d6 21 30 fb 22 eb  05 d6 21 41 8b f7 04 6b
1e60  5f 16 5e 00 cc 04 82 20  70 e2 80 e0 ca f8 cc 04
1e70  50 5a d6 08 72 ca f9 8b  13 a0 5e 00 eb 6b 0d d6
1e80  20 cf e6 5a 20 d6 08 72  ba f5 00 5b 8d 0a d4 d6
1e90  08 dd d6 23 1f 7b f8 f9  50 e9 51 20 5b d6 23 1f
1ea0  7b 04 e9 52 f9 53 e8 52  e4 53 52 e9 53 e6 5b 20
1eb0  d6 08 24 a6 5a 0d eb f8  8f 0c fc 09 03 1c 00 2c
1ec0  fd 3c 20 4c 0b 82 52 92  50 1e 3e 4a f8 92 40 1e
1ed0  db fb 5c 02 1c 10 92 50  1e 5c 50 4c 04 93 50 4a
1ee0  fc 1c 00 6c 01 cc 20 d6  27 4e 08 51 18 50 28 53
1ef0  38 52 6e 48 e2 58 e3 22  51 32 40 fb 01 af 26 e5
1f00  80 32 4c fb 02 6c ff dc  a0 d6 27 4e 8b e4 4c 00
1f10  58 e8 80 e4 eb fc b6 03  40 58 e8 80 e4 eb fc b6
1f20  03 40 af bc ff cc fa be  88 03 56 e8 01 a2 84 6b
1f30  f4 ce eb f3 48 e8 af d6  27 23 d6 27 23 ac 08 d6
1f40  27 23 d6 27 23 a6 eb 16  ef c0 e9 aa f2 af 8c 4a
1f50  d6 27 0e 80 ec eb f7 98  e6 d6 27 6d dc 80 7c 00
1f60  82 90 a0 e0 d6 27 6d 02  79 da f5 98 e7 8c 94 d6
1f70  27 0e ac 08 e0 e9 8c 4a  7b 02 8c 25 d6 27 0e aa
1f80  f3 af dc 50 ec 16 fc 2a  d6 27 c7 7b f5 da f9 ec
1f90  2a fc 6a d6 27 c7 7b fb  d6 27 c7 7b e5 d6 27 3d
1fa0  99 5d dc 80 7c 00 6e d6  27 37 92 90 a0 e0 02 79
1fb0  da f5 d6 27 37 e6 5b 70  d6 20 b6 a2 79 eb 05 a4
1fc0  5d e6 6b 0c 8d 0a 62 d6  27 23 a2 be 7b 02 a2 fb
1fd0  af b0 06 00 5b d6 23 1f  8f 7b 04 e9 06 f9 07 31
1fe0  40 0c fc 1c 00 6c 00 d6  27 82 2c fc 3c 11 08 06
1ff0  18 07 42 00 eb 05 82 12  3e 82 02 d6 27 82 8b fb
