0000  8d f5 00 8d f5 03 8d f5  06 8d f5 09 30 56 ff 8d
0010  f5 0f 8d 09 28 8d 13 00  8d 12 00 8d 13 b8 8d 13
0020  60 8d 14 e4 8d 14 b4 8d  17 a5 8d 0b f5 8d ff ff
0030  46 03 80 56 03 7f 00 54  6b 01 bf e4 fe 56 e4 ff
0040  57 a0 6e e6 fe f4 b0 ff  e6 54 08 00 54 eb fc 0b
0050  00 e6 54 c0 46 03 80 56  03 7f 76 6d ff 6b 05 b6
0060  03 40 8b 05 56 03 3f 0b  00 0b 00 ff 50 80 50 80
0070  50 80 50 80 50 80 50 80  50 80 50 80 50 80 50 80
0080  50 80 50 80 50 80 50 80  50 80 50 80 00 54 eb c4
0090  46 03 80 56 03 7f e6 54  51 e4 56 fe e4 57 ff e6
00a0  56 08 e6 57 a9 56 fa ef  bf 46 03 80 56 03 7f 00
00b0  54 6b 01 bf e6 54 06 e6  57 bb bf 46 03 80 00 54
00c0  6b 01 bf 56 03 7f e6 54  20 e6 57 30 bf 4c f0 54
00d0  5b e4 f0 e4 5c 0f 54 5b  e5 90 e5 d0 e4 c0 e5 06
00e0  e4 f8 af ff 70 fd 31 60  0c f4 18 5b 28 5a 92 20
00f0  d6 08 cd 3c 00 1c 05 cf  c0 e2 c0 e3 1a f9 02 27
0100  1c 08 c2 02 92 04 06 e5  10 3e 1a f6 50 fd af ff
0110  31 f0 bc 10 9c 08 8c 92  7c 08 5c 05 4c 40 1c 03
0120  ff ff ff ff 9f af ff ff  31 f0 ec f7 fc 00 8c 92
0130  e6 06 e0 b0 07 b0 08 31  50 6c 08 7c 30 dc 00 e6
0140  67 0f 5c 40 d6 09 10 d6  0a e0 ff ff ff ff e6 55
0150  40 e6 58 ff d6 0a 3b 31  10 d6 08 15 a6 13 0d 6b
0160  ed 68 13 a6 e6 3f eb 21  d6 08 15 58 13 68 13 90
0170  16 c7 26 9e c7 36 9f d6  08 18 5c 3d d6 08 18 d6
0180  0e e0 5c 0d d6 08 18 8b  c5 a6 e6 43 eb 0a 76 0f
0190  08 6b 3f 56 0f f7 8b 1c  e6 0f 04 b0 0e 08 06 18
01a0  07 a6 e6 4e eb 06 4c 00  92 40 8b a2 a6 e6 52 eb
01b0  31 d6 06 c9 b0 6d e6 55  10 e6 58 ff d6 07 38 5c
01c0  0d d6 08 18 5c 4f 76 0f  02 eb 09 5c 53 76 0f 08
01d0  eb 02 5c 45 d6 08 18 3c  f0 54 0e 13 f0 13 b0 12
01e0  8b 9d a6 e6 45 6d 0a 80  a6 e6 50 eb 07 d6 08 15
01f0  39 5d 8b b6 ff ff ff ff  ff ff ff ff ff ff ff ff
0200  ff ff ff ff ff ff ff ff  ff ff ff ff ff ff ff ff
0210  a6 e6 53 eb 17 d6 0e c5  09 20 19 21 22 31 32 20
0220  a0 e2 29 22 39 23 d6 08  21 8d 09 4e a6 e6 4c ed
0230  0a 45 09 20 19 21 d6 08  24 8b ee e6 6c 00 e6 15
0240  06 d6 08 18 af a6 e6 4d  ed 0e 09 d6 08 2a 8d 09
0250  4e ff cc 05 4c 00 5c 00  2c 00 3c 00 dc 0a 02 35
0260  12 24 da fa 58 13 48 12  82 de 26 1d 30 7b 0f a6
0270  1d 0a fb 0a 02 5d 16 14  00 fe ca dc cf af df af
0280  fc 01 ec f7 d6 0a 52 46  e4 80 82 a0 a0 e0 82 b0
0290  80 e0 42 aa 6b 1b a2 a4  7b 08 bb 18 a2 b5 6b 14
02a0  bb 12 a0 e0 a0 e0 82 a0  a6 ea 0d eb f7 a0 e0 8b
02b0  d9 8d 09 4e 82 20 76 e2  80 6b f6 a0 e0 82 30 56
02c0  e2 7f d6 0e e0 a0 e0 82  50 d6 08 18 a6 e5 0d eb
02d0  f4 d6 08 1e a6 e3 20 eb  d8 a0 e0 8b d7 ff ff ff
02e0  31 10 0c 0a 1c f0 82 50  d6 08 18 1e eb f8 af ff
02f0  0c 45 53 32 2e 33 5f 53  57 42 5f 31 39 38 39 0d
0300  ff ff ff ff ff ff ff ff  ff ff ff ff ff ff ff ff
0310  ff ff ff ff ff ff ff ff  ff ff ff ff ff ff ff ff
0320  ff ff ff ff ff ff ff ff  ff ff ff ff ff ff ff ff
0330  ff ff ff ff ff ff ff ff  ff ff ff ff ff ff ff ff
0340  ff ff ff ff ff ff ff ff  ff ff ff ff ff ff ff ff
0350  ff ff ff ff ff ff ff ff  ff ff ff ff ff ff ff ff
0360  ff ff ff ff ff ff ff ff  ff ff ff ff ff ff ff ff
0370  ff ff ff ff ff ff ff ff  ff ff ff ff ff ff ff ff
0380  ff ff ff ff ff ff ff ff  ff ff ff ff ff ff ff ff
0390  ff ff ff ff ff ff ff ff  ff ff ff ff ff ff ff ff
03a0  ff ff ff ff ff ff ff ff  ff ff ff ff ff ff ff ff
03b0  ff ff ff ff ff ff ff ff  ff ff ff ff ff ff ff ff
03c0  ff ff ff ff ff ff ff ff  ff ff ff ff ff ff ff ff
03d0  ff ff ff ff ff ff ff ff  ff ff ff ff ff ff ff ff
03e0  ff ff ff ff ff ff ff ff  ff ff ff ff ff ff ff ff
03f0  ff ff ff ff ff e6 15 05  d6 08 18 70 fd 31 60 0c
0400  f7 1c 80 2c 10 3c 10 93  20 3a fc 31 10 e6 58 ff
0410  e6 55 20 d6 08 15 fc 00  ec f7 82 0e fe cc 0c dc
0420  39 1c 10 82 2c de a2 20  eb 09 82 0c de 82 1c d4
0430  10 8b da de de 1a ec 8b  d4 46 16 40 50 0d 2d 48
0440  0c f2 2c 0d 11 4a 0d 52  41 0d 32 3b 0d 74 53 0d
0450  86 4c 0d 97 4d 0f 80 3f  0d cc 51 0c eb 44 0d eb
0460  2e 0d f1 45 0d f7 ff ff  ff 70 e9 89 19 d6 0c 72
0470  50 e9 70 e9 f0 e9 d6 0c  7b 50 e9 5c 0f 52 59 06
0480  e5 30 a6 e5 3a 7b 03 06  e5 07 8d 08 18 5c 0d 8b
0490  f9 d6 0c 8d d6 08 1e a6  13 20 af d6 08 18 a9 18
04a0  b9 19 d6 0c 69 5c 20 8b  e1 d6 0c d5 fb 04 50 e0
04b0  50 e0 a8 ec b8 ed fe af  82 de fe a6 ed 30 7b 14
04c0  26 ed 30 a6 ed 0a 7b 0b  a6 ed 11 7b 07 26 ed 07
04d0  a6 ed 10 ef af d6 0c dc  7b 10 d9 1c d6 0c b8 7b
04e0  09 28 ed f0 e2 d6 0c b8  42 d2 af 50 e0 50 e0 8d
04f0  0d b5 d6 0c a9 5c 2c d6  0c 9b 0c 04 82 9a 42 aa
0500  eb 02 e3 9b a0 ea d6 0c  72 0a f1 d6 0c 91 6b e5
0510  af d6 0c a9 0c 04 d6 0c  dc 7b f5 42 aa 6b 03 92
0520  da 0d f3 bd a0 ea 0a ee  5c 2c 8d 0c 9b 82 5e 59
0530  5d af d6 0c a9 5c 3b d6  0c 9b 0c 08 82 5a 76 e5
0540  f0 eb 02 5c 20 a0 ea d6  08 18 0a f0 d6 0c 91 6b
0550  e4 af d6 0c a9 69 fc e4  17 fd d4 1a e4 fd 17 31
0560  10 68 fc af ff ff ff ff  ff ff ff ff ff ff ff ff
0570  ff ff ff ff d6 0c a9 0c  08 82 2e 92 2a fe a0 ea
0580  0a f7 5c 3b 8b a4 d6 0c  a9 a9 20 b9 21 d6 0c a9
0590  a9 22 b9 23 8d 08 21 d6  0c a9 a9 20 b9 21 d6 08
05a0  24 88 22 98 23 d6 0c 69  5c 20 d6 08 18 98 24 d6
05b0  0c 72 8d 0c 8d 31 60 0c  f7 1c 80 2c 10 3c 10 83
05c0  20 3a fc 50 fd af ff ff  ff ff ff ff d6 0c a9 d6
05d0  0c d5 7b 16 88 ea 98 eb  02 9d 12 8c d6 0c 69 5c
05e0  20 22 bd 32 ac d6 0c 9b  8b c8 af d6 0c a9 8d c1
05f0  00 d6 0c a9 8d c1 03 82  3e fe d6 0c a9 8d c1 06
0600  ff ff ff ff ff ff ff ff  ff a6 e6 3a fd 09 4e a6
0610  e6 30 ef fb f7 fc 00 ec  f7 d6 0a 52 ef fb ed ff
0620  ff ff ff ff ff ff ff ff  46 e4 80 d6 0e c5 82 a0
0630  a0 e0 82 b0 80 e0 42 aa  6b 46 a2 a4 7b 08 bb 40
0640  a2 b5 6b 11 bb 3a a0 e0  a0 e0 82 a0 a6 ea 0d eb
0650  f7 a0 e0 8b d9 68 e0 78  e1 a0 e6 a0 e6 82 a6 a6
0660  ea 0d eb f7 a0 e6 88 e0  98 e1 82 a6 92 a8 a2 62
0670  eb 04 a2 73 6b 06 a0 e6  a0 e8 8b ee 28 e8 38 e9
0680  fc 04 e8 58 a2 ef 3d 09  4e 7c ff 02 7e 6c 00 02
0690  73 12 62 82 a2 92 a6 a2  02 eb 04 a2 13 6b 06 80
06a0  e2 80 e6 8b ee 92 40 a0  e0 92 50 a0 e0 2c f7 3c
06b0  05 22 ef 82 a2 92 a0 a0  e0 3e 00 1e eb f5 ac 0d
06c0  92 a0 8d 09 4e 28 e0 38  e1 82 a2 76 ea 80 6b 0f
06d0  a0 e2 a0 e2 82 a2 a6 ea  0d eb f7 a0 e2 8b ea af
06e0  d6 01 82 a6 e4 20 6b 09  70 15 58 e4 d6 08 18 50
06f0  15 bc 15 e3 5b d6 08 18  be a6 eb 1a 7b f5 af ff
0700  ff 59 58 43 56 42 4e 4d  2c 2e 2f 0d 20 20 04 0d
0710  ff 41 53 44 46 47 48 4a  4b 4c 3b 2b 2a 01 05 02
0720  ff 51 57 45 52 54 5a 55  49 4f 50 2d 3d 07 03 06
0730  ff 31 32 33 34 35 36 37  38 39 30 3c 3e 08 09 0c
0740  ff ff ff ff ff ff ff ff  5b 5d 3f ff ff ff ff ff
0750  ff ff ff ff ff ff ff ff  ff ff 3a 5c 5e ff ff ff
0760  ff ff ff ff ff ff ff ff  ff ff ff 5f ff ff ff ff
0770  ff 21 22 23 24 25 26 27  40 28 29 ff ff ff ff ff
0780  d6 0c a9 88 ea 98 eb d6  0c a9 d6 0c d5 7b 1e a2
0790  8a bb 1b 7b 04 a2 9b fb  15 02 9d 12 8c 02 bd 12
07a0  ac 80 e8 80 ea 82 08 92  0a 80 ec eb f4 af 82 08
07b0  92 0a a0 e8 a0 ea 80 ec  eb f4 af ff ff ff ff ff
07c0  ff ff ff ff ff ff ff ff  ff ff ff ff ff ff ff ff
07d0  ff ff ff ff ff ff ff ff  ff ff ff ff ff ff ff ff
07e0  ff ff ff ff ff ff ff ff  ff ff ff ff ff ff ff ff
07f0  ff ff ff ff ff ff ff ff  ff ff ff ff ff ff ff ff
0800  ff ff ff ff ff ff ff ff  ff e7 e7 e7 e7 ff e7 ff
0810  ff 99 99 99 ff ff ff ff  ff 99 00 99 99 00 99 ff
0820  e7 c1 9f c3 f9 83 e7 ff  ff 99 93 e7 cf 99 b9 ff
0830  e3 c9 e3 c7 90 99 c4 ff  ff e7 e7 e7 ff ff ff ff
0840  ff f1 e3 e7 e7 e3 f1 ff  ff 8f c7 e7 e7 c7 8f ff
0850  ff 99 c3 00 c3 99 ff ff  ff e7 e7 81 e7 e7 ff ff
0860  ff ff ff ff ff e7 e7 cf  ff ff ff 81 ff ff ff ff
0870  ff ff ff ff ff e7 e7 ff  ff f9 f3 e7 cf 9f bf ff
0880  ff c3 99 91 89 99 c3 ff  ff e7 c7 e7 e7 e7 81 ff
0890  ff c3 99 f3 e7 cf 81 ff  ff 81 f3 e7 f3 99 c3 ff
08a0  ff f3 e3 c3 93 81 f3 ff  ff 81 9f 83 f9 99 c3 ff
08b0  ff c3 9f 83 99 99 c3 ff  ff 81 f9 f3 e7 cf cf ff
08c0  ff c3 99 c3 99 99 c3 ff  ff c3 99 c1 f9 f3 c7 ff
08d0  ff ff e7 e7 ff e7 e7 ff  ff ff e7 e7 ff e7 e7 cf
08e0  f9 f3 e7 cf e7 f3 f9 ff  ff ff 81 ff ff 81 ff ff
08f0  9f cf e7 f3 e7 cf 9f ff  ff c3 99 f3 e7 ff e7 ff
0900  ff c3 99 91 91 9f c1 ff  ff e7 c3 99 99 81 99 ff
0910  ff 83 99 83 99 99 83 ff  ff c3 99 9f 9f 99 c3 ff
0920  ff 87 93 99 99 93 87 ff  ff 81 9f 83 9f 9f 81 ff
0930  ff 81 9f 83 9f 9f 9f ff  ff c1 9f 9f 91 99 c1 ff
0940  ff 99 99 81 99 99 99 ff  ff 81 e7 e7 e7 e7 81 ff
0950  ff f9 f9 f9 f9 99 c3 ff  ff 99 93 87 87 93 99 ff
0960  ff 9f 9f 9f 9f 9f 81 ff  ff 9c 88 80 94 9c 9c ff
0970  ff 99 89 81 81 91 99 ff  ff c3 99 99 99 99 c3 ff
0980  ff 83 99 99 83 9f 9f ff  ff c3 99 99 99 93 c9 ff
0990  ff 83 99 99 83 93 99 ff  ff c3 9f c3 f9 f9 c3 ff
09a0  ff 81 e7 e7 e7 e7 e7 ff  ff 99 99 99 99 99 81 ff
09b0  ff 99 99 99 99 c3 e7 ff  ff 9c 9c 94 80 88 9c ff
09c0  ff 99 99 c3 c3 99 99 ff  ff 99 99 c3 e7 e7 e7 ff
09d0  ff 81 f3 e7 cf 9f 81 ff  ff e1 e7 e7 e7 e7 e1 ff
09e0  ff bf 9f cf e7 f3 f9 ff  ff 87 e7 e7 e7 e7 87 ff
09f0  ff f7 e3 c9 9c ff ff ff  ff ff ff ff ff ff 00 ff
0a00  a6 5d 4f eb 03 d6 f5 12  e4 15 5a 70 fd 31 50 c8
0a10  55 00 5c 76 5a f0 6b 4b  d6 08 e4 cc 01 02 bc 7b
0a20  03 50 fd af 22 b5 31 60  0c f4 2c f4 18 55 3c 00
0a30  82 40 92 42 3e 1e eb f8  4c 20 92 42 3e eb fb 2c
0a40  f8 0c 1f 18 55 4c 03 cf  10 e1 10 e0 4a fa 82 40
0a50  92 42 a0 e2 a0 e0 eb f6  4c ff 92 42 a0 e2 eb fa
0a60  50 fd af aa 04 00 5b 8b  f7 aa 03 be 8b f2 aa 04
0a70  22 b5 8b ec aa 04 c8 55  8b a3 aa 04 bc 00 8b e0
0a80  aa 06 60 5c 52 bc 8b d8  aa 1d 70 5b ec f4 f8 5b
0a90  62 fc 6b 09 fe 82 ae d6  08 e4 be 8b f3 ac 20 d6
0aa0  08 e4 50 5b 50 fd af aa  0d 72 bc 6b 07 00 5b ac
0ab0  20 d6 08 e4 8b ee aa 22  62 bc 6b 17 98 5b ec f4
0ac0  f8 5b 42 fc b8 5f 00 5f  82 ae d6 08 e4 00 5b a2
0ad0  b9 eb f3 ac 20 d6 08 e4  8b ca aa 02 ff ff aa 02
0ae0  ff ff aa 0c bc 00 ac 20  d6 08 e4 be eb f8 8b b4
0af0  aa 07 60 5c 52 bc 8d 12  76 50 fd af ff ff ff ff
0b00  70 fd 31 50 42 88 5b 15  00 58 db 07 cc 0d c9 13
0b10  50 fd af ec f7 f8 66 82  ce 20 66 8b f1 d6 08 1e
0b20  a8 13 d6 12 0b a6 13 0d  eb f3 8c f4 98 5b 22 95
0b30  ec f7 fc 00 ac 00 ff ff  ff ff 82 c8 92 ce a6 5c
0b40  20 6b 0b ff ff ff ff a8  5f ae ff ff ff ff fe 9e
0b50  a2 9b eb e6 ff ff 88 5a  e6 66 00 8b ab ff ff ff
0b60  70 fd 31 60 d6 08 cd 06  e5 70 82 04 70 e0 60 e0
0b70  92 04 d9 5f 0d cc 00 d6  08 1b d9 13 42 dd 6b f5
0b80  0c 06 02 0f a2 0f eb fc  42 cc 6b 0d a4 5f 6d 6b
0b90  1f 0c 05 02 0f a2 0f eb  fc e6 5f 14 f9 5e d6 08
0ba0  1b 42 dd 6b 0b a4 6f 5e  6b fb 00 5f eb ee cc ff
0bb0  50 e0 92 04 50 fd af ff  70 fd 31 60 0c 7f 1c 0f
0bc0  c2 20 56 e2 f0 eb 07 1a  f7 dc 00 50 fd af 3c 40
0bd0  26 e3 10 90 e2 fb f9 42  13 2c 7f 3c 00 c2 02 2c
0be0  f7 3c 40 02 31 90 60 90  60 90 60 7b 09 2c 0f 90
0bf0  60 7b 03 26 63 40 c2 d2  8b d1 ff ff ff ff ff ff
0c00  70 fd 31 60 0c f7 1c 90  2c 04 3c 0c 93 20 3a fc
0c10  50 fd af ff 70 fd 31 60  0c f7 1c 90 2c 04 3c 0c
0c20  83 20 3a fc 50 fd af ff  8f e6 5e ff e6 f8 92 e6
0c30  f4 64 e6 f5 05 e6 f1 43  e6 f7 08 af ff d6 14 28
0c40  e6 0d 00 e6 f1 03 af ff  d6 14 28 70 fd 31 00 4c
0c50  00 5c 00 6c 18 6a fe 80  04 eb f8 dc 80 50 fd af
0c60  70 fd 31 00 42 dd eb 07  d6 15 80 7b 0c dc 80 82
0c70  fc de a2 db eb 02 dc 00  cf 50 fd af ff ff 70 fd
0c80  31 00 cc f5 92 fc de eb  07 bc fc d6 15 00 dc 80
0c90  50 fd af ff a6 0d 80 6b  06 e6 0b fa d6 15 00 e6
0ca0  0b fe d6 15 00 d6 09 10  af ff e6 60 18 00 60 eb
0cb0  fc af ff ff d6 14 00 d6  14 3d 70 fd 31 20 2c 00
0cc0  3c 00 4c 00 d6 14 60 7b  0a 58 0f 92 50 a0 20 a0
0cd0  22 8b f1 a6 0e 88 6b 02  48 0e d6 14 a5 d6 14 14
0ce0  50 fd af ff d6 14 00 d6  14 48 70 fd 31 20 82 50
0cf0  59 0f d6 14 7e a0 20 80  22 eb f3 d6 14 94 8b dd
0d00  70 fd 31 00 4c 90 5c 00  80 04 eb fc 4c f5 5c ff
0d10  a6 0b fa eb 05 56 0d 7f  92 d4 5c 7f 92 b4 6c 00
0d20  cf 82 74 12 67 5e eb f9  16 06 00 5c 7b 20 5e 78
0d30  5e 92 74 5e 92 74 5e 92  64 5e 92 64 5c 7b e6 f1
0d40  03 3c 40 d6 14 aa ac 40  3c 00 6c 04 d6 14 aa 6a
0d50  fb 82 64 7c 08 90 06 b2  3a d6 14 aa fb 03 d6 14
0d60  aa b2 3a d6 14 aa fb 03  d6 14 aa 7a e8 5e eb e1
0d70  b2 3a d6 14 aa e6 f1 43  50 fd af ff ff ff ff ff
0d80  70 fd 31 00 4c f5 5c 7b  ac 3d 9c 2c 68 03 a2 36
0d90  6b fc 68 03 7c 58 00 07  6b f8 a2 36 6b f8 a2 79
0da0  fb f0 8c 08 7c 00 68 03  7e a2 36 6b fb 68 03 7e
0db0  a2 36 6b fb a2 a7 10 09  8a ea 92 94 5e eb e3 5c
0dc0  7d 7c 00 82 a4 5e 82 94  5e cf 82 64 12 76 5e eb
0dd0  f9 16 07 00 a2 79 eb 43  a2 7a eb 3f 5c 7b 82 94
0de0  5e 82 a4 68 5e 6e a2 69  eb 31 a2 6a eb 2d 5c 7f
0df0  82 74 bc 00 a6 07 fc 6b  1a 5c ff 82 84 bc 80 42
0e00  b8 a6 07 fa 6b 0d a6 07  fe eb 10 ec 88 df cc f5
0e10  50 fd af 69 5e e6 f1 03  cf 8b f3 e6 f1 43 d6 08
0e20  1b a6 6d 42 6b 11 a6 6d  43 eb f3 4c 07 5a fe 4a
0e30  fc e6 f1 03 8d 15 84 ec  ff 8b d2 ff ff ff ff ff
0e40  d6 0c a9 88 ea 98 eb d6  0c a9 d6 0c dc 7b 08 92
0e50  d8 a0 e8 80 ea eb f8 af  ff ff ff ff ff ff ff ff
0e60  08 51 18 4f 3c 07 52 31  90 e1 f0 e1 56 e1 0f f0
0e70  e0 2c f0 52 20 42 12 46  e0 f8 3e 2c 00 df c0 e2
0e80  3a fc af ff 70 fd 31 60  d6 16 60 82 30 76 53 01
0e90  6b 04 42 32 8b 04 60 e2  52 32 92 30 50 fd af ff
0ea0  70 fd 31 60 d6 16 60 e6  53 00 82 30 72 32 6b 03
0eb0  e6 53 01 50 fd af ff ff  79 51 69 4f 8d 16 84 ff
0ec0  69 51 79 4f 8d 16 84 ff  70 fd 31 70 48 4f 58 51
0ed0  68 4b 78 4d 8c 00 e6 72  16 e6 73 b8 b8 e6 22 b4
0ee0  db 03 60 eb be c8 e7 22  c5 db 03 60 ec ce a2 bc
0ef0  fb 12 e6 72 16 e6 73 c0  b8 e4 48 e5 58 eb b8 e6
0f00  68 e7 78 eb a2 64 7b 0c  b8 e4 48 e6 68 eb b8 e5
0f10  58 e7 78 eb fc 00 9c 00  ac 00 b8 e5 22 b7 6b 2a
0f20  db 05 fc 80 60 eb be e8  e4 22 e6 cc 00 a2 be eb
0f30  03 9e 8b 0a 22 ce 36 eb  00 5b 03 ae 8b f6 42 ff
0f40  db 08 60 ea 60 e9 ae eb  01 9e d4 72 a2 64 fb 07
0f50  6e 02 8a 12 79 8b f3 50  fd af ff ff ff ff ff ff
0f60  e6 02 30 e6 f6 0f ff ff  70 fd 31 60 0c 08 18 15
0f70  2c 00 c0 61 c0 62 46 62  30 48 62 29 02 3c 18 3a
0f80  fe 46 62 40 29 02 3c 18  3a fe 49 02 3c 18 3a fe
0f90  0a de 0c 08 54 03 60 eb  f9 e6 02 10 3c 18 3a fe
0fa0  49 02 50 fd af 70 fd 31  50 42 33 eb 0f 1c f0 52
0fb0  1b f0 51 e6 4f 0f 54 5b  4f 50 fd af 3a 0e bc 0f
0fc0  54 4f 5b 56 51 0f f0 51  42 b1 8b ed ec f4 fc 0f
0fd0  54 4f 5f 56 51 0f f0 51  42 f1 82 3e 8b db 70 13
0fe0  d6 08 1e e4 13 5a 50 13  af ff ff ff ff ff ff ff
0ff0  ff ff ff ff 8d 17 de 8d  16 c8 8d 16 a0 8d 16 84
