0000  8d f5 00 8d f5 03 8d f5  06 8d f5 09 30 56 ff 8d
0010  f5 0f 8d 08 70 8d ff e6  8d ff e9 8d 1b 0a 8d 1b
0020  94 8d 1c 86 8d 17 7a 8d  08 e0 8d 0b f8 8d 16 3a
0030  8d 1f 00 8d 1f 6d 8d 1c  ae ff 70 fd 31 60 d6 0f
0040  bb a8 53 6c ff b2 63 2c  00 4c 60 5c ef e6 f8 b2
0050  76 03 04 eb fb 92 54 8c  31 c0 ea 10 e8 82 90 52
0060  96 43 98 92 90 90 e5 7b  ec e6 f8 92 50 fd af ff
0070  31 f0 ec f7 fc 00 8c 92  31 50 4c 00 5c 57 6c 1c
0080  7c 0e d6 09 10 31 60 7c  10 cc 68 0c f7 1c a0 2c
0090  2d 3c c3 92 20 1e 92 30  0c 1f 1c e0 2c ff 3c e0
00a0  82 40 92 42 1e 3e eb f8  b0 08 b0 07 e6 06 e0 d6
00b0  08 2d 0c 57 69 6c 6c 6b  6f 6d 6d 65 6e 20 61 6d
00c0  20 4a 54 43 20 3a 20 45  53 34 2e 30 20 62 79 20
00d0  53 57 42 20 31 39 39 30  0d 00 ff ff ff 8d 09 49
00e0  70 fd 31 50 42 33 eb 07  c9 51 b9 4f 50 fd af 3a
00f0  10 a6 51 18 fb f6 a6 4f  28 fb f1 c8 51 b8 4f 8b
0100  eb 3a e9 70 5b 70 5c c8  51 b8 4f 31 60 8b 13 ff
0110  31 f0 bc 10 9c 08 8c 92  7c 01 5c 41 4c fa 1c 03
0120  9f af d6 18 56 82 20 29  53 50 5c 50 5b 8b bd ff
0130  ff ff ff ff ff ff ff ff  ff ff ff ff ff ff ff ff
0140  ff ff ff ff ff ff ff ff  ff d6 08 2d 45 64 69 0d
0150  00 46 55 40 e6 58 ff 31  10 d6 08 15 a6 13 0d 6b
0160  e8 68 13 a6 e6 3f eb 21  d6 08 15 58 13 68 13 90
0170  16 c7 26 9e c7 36 9f d6  08 18 5c 3d d6 08 18 d6
0180  0e e0 5c 0d d6 08 18 8b  c8 a6 e6 43 eb 0a 76 0f
0190  08 6b 3b 56 0f f7 8b 1c  e6 0f 04 b0 0e 08 06 18
01a0  07 a6 e6 4e eb 06 4c 00  92 40 8b 9d a6 e6 52 eb
01b0  31 d6 06 c9 56 55 bf e6  58 ff d6 07 38 46 55 40
01c0  5c 4f 76 0f 02 eb 09 5c  53 76 0f 08 eb 02 5c 45
01d0  d6 08 18 3c f0 54 0e 13  f0 13 b0 12 d6 0e e0 8d
01e0  09 49 a6 e6 45 6d 0a 79  a6 e6 53 eb 1f d6 0e c5
01f0  09 20 19 21 22 31 32 20  a0 e2 29 22 39 23 e6 60
0200  f7 e6 61 01 d6 08 21 38  24 8d 09 da a6 e6 4c eb
0210  0f 09 20 19 21 e6 60 f7  e6 61 01 d6 08 24 8b e7
0220  a6 e6 4d ed 0e 09 d6 08  2a 46 55 40 8d 09 49 ff
0230  d6 18 fa cf af 76 55 04  6b 05 d6 1c 19 cf af d6
0240  08 1e e4 13 5a d6 19 05  cf af ff ff ff ff ff ff
0250  ff ff cc 05 4c 00 5c 00  82 de 26 ed 30 7b 18 a6
0260  ed 0a fb 13 ac 09 28 e4  38 e5 02 53 12 42 aa fa
0270  02 5d 12 4a fe ca e1 cf  af fc 01 ec f7 d6 0a 52
0280  46 e4 80 82 a0 a0 e0 82  b0 80 e0 42 aa 6b 1b a2
0290  a4 7b 08 bb 18 a2 b5 6b  14 bb 12 a0 e0 a0 e0 82
02a0  a0 a6 ea 0d eb f7 a0 e0  8b d9 8d 09 51 82 20 76
02b0  e2 80 6b f6 a0 e0 82 30  56 e2 7f d6 0e e0 a0 e0
02c0  82 50 a6 e5 0d 6b 03 46  55 80 d6 08 18 a6 e5 0d
02d0  eb ec d6 08 1e a6 e3 20  eb d0 a0 e0 8b cf ff ff
02e0  d6 0c a9 88 ea 98 eb d6  0c a9 d6 0c dc 7b 10 92
02f0  d8 a0 e8 80 ea eb f8 d6  08 2d 4d 6f 6e 0d 00 af
0300  00 20 40 60 80 a0 01 21  41 61 81 a1 02 22 42 62
0310  82 a2 03 23 43 63 83 a3  04 24 44 64 84 a4 05 25
0320  45 65 85 a5 06 26 46 66  86 a6 07 27 47 67 87 a7
0330  08 28 48 68 88 a8 09 29  49 69 89 a9 0a 2a 4a 6a
0340  8a aa 0b 2b 4b 6b 8b ab  0c 2c 4c 6c 8c ac 0d 2d
0350  4d 6d 8d ad 0e 2e 4e 6e  8e ae 0f 2f 4f 6f 8f af
0360  10 30 50 70 90 b0 11 31  51 71 91 b1 12 32 52 72
0370  92 b2 13 33 53 73 93 b3  14 34 54 74 94 b4 15 35
0380  55 75 95 b5 16 36 56 76  96 b6 17 37 57 77 97 b7
0390  18 38 58 78 98 b8 19 39  59 79 99 b9 1a 3a 5a 7a
03a0  9a ba 1b 3b 5b 7b 9b bb  1c 3c 5c 7c 9c bc 1d 3d
03b0  5d 7d 9d bd 1e 3e 5e 7e  9e be 1f 3f 5f 7f 9f bf
03c0  00 28 50 80 a8 d0 ff ff  80 08 20 02 40 04 10 01
03d0  d6 0c dc 7b 0f a8 ed e3  ba 5c 21 d6 0c 9b ae d6
03e0  0c 91 6b f3 af d6 0c a9  f3 ab ae 5c 21 d6 08 18
03f0  98 ea 8d 0c 72 8d 0f 37  d6 0a f7 70 fd 31 60 0c
0400  f7 1c 80 2c 10 3c 10 93  20 3a fc 31 10 e6 58 ff
0410  56 55 bf d6 08 15 fc 00  ec f7 82 0e fe cc 0c dc
0420  39 1c 10 82 2c de a2 20  eb 09 82 0c de 82 1c d4
0430  10 8b da de de 1a ec 8b  bc 46 0a e0 52 0b d0 48
0440  0c f2 2c 0d 10 4a 0d 42  41 0d 26 3b 0d 6f 53 0d
0450  56 4c 0d 93 4d 0f 7d 3f  0d c6 51 0c eb 21 0b e5
0460  23 0d e5 25 1e d0 ff ff  ff 70 e9 89 19 d6 0c 72
0470  50 e9 70 e9 f0 e9 d6 0c  7b 50 e9 5c 0f 52 59 06
0480  e5 30 a6 e5 3a 7b 03 06  e5 07 8d 08 18 5c 0d 8b
0490  f9 d6 0c 8d d6 08 1e 8d  0d fa ff d6 08 18 a9 18
04a0  b9 19 d6 0c 69 5c 20 8b  e1 d6 0c d5 fb 04 50 e0
04b0  50 e0 a8 ec b8 ed fe af  82 de fe a6 ed 30 7b 14
04c0  26 ed 30 a6 ed 0a 7b 0b  a6 ed 11 7b 07 26 ed 07
04d0  a6 ed 10 ef af d6 0c dc  7b 10 d9 1c d6 0c b8 7b
04e0  09 28 ed f0 e2 d6 0c b8  42 d2 af 50 e0 50 e0 8d
04f0  0d b5 d6 0c a9 5c 2c d6  0c 9b 0c 08 82 9a a0 ea
0500  d6 0c 72 5c 20 d6 08 18  0a f2 d6 0c 91 6b e6 af
0510  d6 0c a9 0c 08 d6 0c dc  7b f5 fe 92 da a0 ea 0a
0520  f4 5c 2c 8d 0c 9b d6 0c  a9 5c 3b d6 0c 9b 0c 10
0530  82 5a 46 55 80 a0 ea d6  08 18 0a f4 d6 0c 91 6b
0540  e8 af d6 0c a9 69 fc e4  17 fd d4 1a e4 fd 17 31
0550  10 68 fc 8d 0a f7 d6 0c  a9 a9 20 b9 21 d6 0c a9
0560  a9 22 b9 23 e9 60 f9 61  d6 08 21 8b 40 ff ff d6
0570  0c a9 0c 10 82 2e 92 2a  a6 e2 0d 6b 09 fe a0 ea
0580  0a f2 5c 3b 8b 9d af ff  ff ff ff ff ff ff ff ff
0590  ff ff ff d6 0c a9 a9 20  b9 21 e9 60 f9 61 d6 08
05a0  24 88 22 98 23 d6 0c 69  5c 20 d6 08 18 98 24 d6
05b0  0c 72 8d 0a f7 31 60 0c  f7 1c 80 2c 10 3c 10 83
05c0  20 3a fc 50 fd af d6 0c  a9 d6 0c d5 7b 16 88 ea
05d0  98 eb 02 9d 12 8c d6 0c  69 5c 20 22 bd 32 ac d6
05e0  0c 9b 8b ce af d6 0a 52  a8 14 b8 15 5c 25 d6 0c
05f0  9b 8d 0c 8d ff ff ff ff  ff ff a6 13 20 6b 07 39
0600  5a d6 19 05 42 33 af ff  ff a6 e6 3a fd 09 51 a6
0610  e6 30 ef fb f7 fc 00 ec  f7 d6 0a 52 f9 60 f9 61
0620  60 61 06 61 05 ff ff ff  46 e4 80 d6 0e c5 82 a0
0630  a0 e0 82 b0 80 e0 42 aa  6b 46 a2 a4 7b 08 bb 40
0640  a2 b5 6b 11 bb 3a a0 e0  a0 e0 82 a0 a6 ea 0d eb
0650  f7 a0 e0 8b d9 68 e0 78  e1 a0 e6 a0 e6 82 a6 a6
0660  ea 0d eb f7 a0 e6 88 e0  98 e1 82 a6 92 a8 a2 62
0670  eb 04 a2 73 6b 06 a0 e6  a0 e8 8b ee 28 e8 38 e9
0680  00 ef e8 58 a2 ef 2d 09  51 78 61 02 7e 6c 00 02
0690  73 12 62 82 a2 92 a6 a2  02 eb 04 a2 13 6b 06 80
06a0  e2 80 e6 8b ee 92 40 a0  e0 92 50 a0 e0 2c f7 38
06b0  60 22 ef 82 a2 92 a0 a0  e0 3e 00 1e eb f5 ac 0d
06c0  92 a0 8d 09 51 28 e0 38  e1 82 a2 76 ea 80 6b 0f
06d0  a0 e2 a0 e2 82 a2 a6 ea  0d eb f7 a0 e2 8b ea af
06e0  d6 01 82 a6 e4 20 6b 09  70 15 58 e4 d6 08 18 50
06f0  15 bc 15 a7 1b 30 eb 06  be a6 eb 19 7b f5 e3 5b
0700  d6 08 18 be a6 eb 1a 7b  f5 af 70 fd 31 60 d6 0f
0710  bb b0 53 4c 60 5c ef e6  f8 b2 76 03 04 eb fb 92
0720  54 82 90 cf 72 93 6b 01  df c0 53 90 e5 7b f0 e6
0730  f8 92 f0 53 50 fd af cc  80 dc 00 82 2c a2 20 6b
0740  0d 56 ed f0 06 ed 10 16  ec 00 6b 2e 8b ed de 1c
0750  03 82 2c a6 e2 95 eb e9  de 1a f6 1c 04 2c 18 83
0760  2c 1a fc 28 ec 38 ed 82  12 02 b1 16 ea 00 a0 e2
0770  80 e8 eb f3 42 ab eb c9  d4 1c 8d 0c 0d d6 0c a9
0780  88 ea 98 eb d6 0c a9 d6  0c d5 7b aa a2 8a bb 1c
0790  7b 04 a2 9b fb 16 02 9d  12 8c 02 bd 12 ac 80 e8
07a0  80 ea 82 08 92 0a 80 ec  eb f4 8b 0c 82 08 92 0a
07b0  a0 e8 a0 ea 80 ec eb f4  8d 0a f7 a6 51 c0 fb 40
07c0  44 4e 4e 6b 05 a6 4f 40  fb 36 b8 51 ac 0b c2 0a
07d0  3c e0 52 30 f0 e3 e0 e3  06 e3 c0 2c 0b c2 12 28
07e0  4e 3c 19 a8 4f c0 e2 c0  ea 10 e3 c0 ea 10 e3 c0
07f0  ea 10 e3 02 1a 2c 0b c2  32 56 e0 1f 06 e0 40 af
0800  0c 40 1c 79 3c 01 af ff  00 18 30 7e 30 18 00 00
0810  00 18 0c 7e 0c 18 00 00  00 18 3c 7e 18 18 18 00
0820  00 18 18 18 7e 3c 18 00  f8 e0 f0 d8 cc 06 03 00
0830  c3 c7 cf df df cf c7 c3  0c 1c 3c 7c 3c 1c 0c 00
0840  30 60 fe 60 30 00 fe fe  30 38 3c 3e 3c 38 30 00
0850  00 00 18 3c 7e ff 00 00  00 00 ff 7e 3c 18 00 00
0860  ff c3 c3 c3 c3 c3 c3 ff  00 33 63 ff 60 30 00 00
0870  f8 c0 f8 c0 fe 18 1e 00  ff ff ff ff ff ff ff ff
0880  7e 66 66 66 66 66 7e 00  06 06 06 06 06 06 06 00
0890  7e 06 06 7e 60 60 7e 00  7e 06 06 7e 06 06 7e 00
08a0  66 66 66 7e 06 06 06 00  7e 60 60 7e 06 06 7e 00
08b0  7e 60 60 7e 66 66 7e 00  7e 06 06 06 06 06 06 00
08c0  7e 66 66 7e 66 66 7e 00  7e 66 66 7e 06 06 7e 00
08d0  00 66 00 3e 66 66 3e 00  00 66 00 3c 66 66 3c 00
08e0  00 66 00 66 66 66 3e 00  66 00 3c 66 66 7e 66 00
08f0  66 00 3c 66 66 66 3c 00  66 00 66 66 66 66 3c 00
0900  00 00 00 00 00 00 00 00  00 18 18 18 18 00 18 00
0910  00 66 66 66 00 00 00 00  00 66 ff 66 66 ff 66 00
0920  18 3e 60 3c 06 7c 18 00  00 66 6c 18 30 66 46 00
0930  1c 36 1c 38 6f 66 3b 00  00 18 18 18 00 00 00 00
0940  00 0e 1c 18 18 1c 0e 00  00 70 38 18 18 38 70 00
0950  00 66 3c ff 3c 66 00 00  00 18 18 7e 18 18 00 00
0960  00 00 00 00 00 18 18 30  00 00 00 7e 00 00 00 00
0970  00 00 00 00 00 18 18 00  00 06 0c 18 30 60 40 00
0980  00 3c 66 6e 76 66 3c 00  00 18 38 18 18 18 7e 00
0990  00 3c 66 0c 18 30 7e 00  00 7e 0c 18 0c 66 3c 00
09a0  00 0c 1c 3c 6c 7e 0c 00  00 7e 60 7c 06 66 3c 00
09b0  00 3c 60 7c 66 66 3c 00  00 7e 06 0c 18 30 30 00
09c0  00 3c 66 3c 66 66 3c 00  00 3c 66 3e 06 0c 38 00
09d0  00 00 18 18 00 18 18 00  00 00 18 18 00 18 18 30
09e0  06 0c 18 30 18 0c 06 00  00 00 7e 00 00 7e 00 00
09f0  60 30 18 0c 18 30 60 00  00 3c 66 0c 18 00 18 00
0a00  00 3c 66 6e 6e 60 3e 00  00 18 3c 66 66 7e 66 00
0a10  00 7c 66 7c 66 66 7c 00  00 3c 66 60 60 66 3c 00
0a20  00 78 6c 66 66 6c 78 00  00 7e 60 7c 60 60 7e 00
0a30  00 7e 60 7c 60 60 60 00  00 3e 60 60 6e 66 3e 00
0a40  00 66 66 7e 66 66 66 00  00 7e 18 18 18 18 7e 00
0a50  00 06 06 06 06 66 3c 00  00 66 6c 78 78 6c 66 00
0a60  00 60 60 60 60 60 7e 00  00 63 77 7f 6b 63 63 00
0a70  00 66 76 7e 7e 6e 66 00  00 3c 66 66 66 66 3c 00
0a80  00 7c 66 66 7c 60 60 00  00 3c 66 66 66 6c 36 00
0a90  00 7c 66 66 7c 6c 66 00  00 3c 60 3c 06 06 3c 00
0aa0  00 7e 18 18 18 18 18 00  00 66 66 66 66 66 7e 00
0ab0  00 66 66 66 66 3c 18 00  00 63 63 6b 7f 77 63 00
0ac0  00 66 66 3c 3c 66 66 00  00 66 66 3c 18 18 18 00
0ad0  00 7e 0c 18 30 60 7e 00  00 1e 18 18 18 18 1e 00
0ae0  00 40 60 30 18 0c 06 00  00 78 18 18 18 18 78 00
0af0  00 08 1c 36 63 00 00 00  00 00 00 00 00 00 ff 00
0b00  00 18 3c 7e 7e 3c 18 00  00 00 3c 06 3e 66 3e 00
0b10  00 60 60 7c 66 66 7c 00  00 00 3c 60 60 60 3c 00
0b20  00 06 06 3e 66 66 3e 00  00 00 3c 66 7e 60 3c 00
0b30  00 0e 18 3e 18 18 18 00  00 00 3e 66 66 3e 06 7c
0b40  00 60 60 7c 66 66 66 00  00 18 00 38 18 18 3c 00
0b50  00 06 00 06 06 06 06 3c  00 60 60 6c 78 6c 66 00
0b60  00 38 18 18 18 18 3c 00  00 00 66 7f 7f 6b 63 00
0b70  00 00 7c 66 66 66 66 00  00 00 3c 66 66 66 3c 00
0b80  00 00 7c 66 66 7c 60 60  00 00 3e 66 66 3e 06 06
0b90  00 00 7c 66 60 60 60 00  00 00 3e 60 3c 06 7c 00
0ba0  00 18 7e 18 18 18 0e 00  00 00 66 66 66 66 3e 00
0bb0  00 00 66 66 66 3c 18 00  00 00 63 6b 7f 3e 36 00
0bc0  00 00 66 3c 18 3c 66 00  00 00 66 66 66 3e 0c 78
0bd0  00 00 7e 0c 18 30 7e 00  0c 18 18 30 18 18 0c 00
0be0  18 18 18 00 18 18 18 00  30 18 18 0c 18 18 30 00
0bf0  00 00 71 db 8e 00 00 00  00 7c 66 7c 66 7c 60 60
0c00  70 fd 31 60 1c 04 2c 0c  71 e1 1e 2a fb 31 00 b8
0c10  60 4c f7 5c a4 82 d4 5c  a6 82 f4 fe 92 f4 4c f5
0c20  5c ff a6 0b fa eb 05 56  0d 7f 92 d4 5c 7f 92 b4
0c30  6c 00 cf 82 74 12 67 5e  eb f9 16 e6 00 5c 7b 92
0c40  f4 5e 92 f4 5e 92 64 5e  92 64 5c 7b 6c 04 d6 14
0c50  76 6a fb 82 64 69 f0 76  fa 10 6b fb 56 fa ef 5e
0c60  eb f1 d6 14 76 5a fb 31  60 1c 0f 2c 0c 51 e1 00
0c70  e1 2a fa 50 fd af 0c 18  00 e0 eb fc af ff ff ff
0c80  ff ff ff ff ff ff ff ff  ff ff ff ff ff ff ff ff
0c90  ff ff ff ff ff ff ff ff  ff ff ff ff ff ff ff ff
0ca0  ff ff ff ff ff ff ff ff  ff ff ff ff ff ff 70 fd
0cb0  31 60 1c 04 2c 0c 71 61  1e 2a fb 31 00 4c f7 5c
0cc0  a6 82 64 6e 92 64 69 5e  4c f5 5c 7b ac 29 9c 21
0cd0  6c 01 52 63 dc 01 52 d3  a2 d6 6b f8 6c 01 52 63
0ce0  7c 41 00 07 6b f6 dc 01  52 d3 a2 d6 6b f4 a2 79
0cf0  fb ea 8c 08 7c 00 6c 01  52 63 7e dc 01 52 d3 a2
0d00  d6 6b f7 6c 01 52 63 7e  dc 01 52 d3 a2 d6 6b f7
0d10  a2 a7 10 09 8a de 92 94  5e eb d7 5c 7d 7c 00 82
0d20  a4 5e 82 94 5e cf 82 64  12 76 5e eb f9 16 07 00
0d30  a2 79 eb 43 a2 7a eb 3f  5c 7b 82 94 5e 82 a4 ff
0d40  ff a4 5e 09 eb 31 b2 9a  eb 2d 5c 7f 82 74 bc 00
0d50  a6 07 fc 6b 1d 5c ff 82  84 bc 80 42 b8 a6 07 fa
0d60  6b 10 a6 07 fe eb 10 ec  88 df e6 f1 03 e9 13 8b
0d70  20 ff ff ff cf 8b f3 e6  f1 43 d6 08 1b 56 6d df
0d80  a6 6d 42 6b 08 a6 6d 43  eb f0 8d 14 c8 ec ff 8b
0d90  d8 4c f7 5c a5 92 b4 31  60 1c 0f 2c 0c 51 61 00
0da0  61 2a fa 50 fd af ff ff  70 fd 31 60 2c f7 3c a7
0db0  82 42 76 e4 02 6b 13 3c  a4 82 42 a6 e4 80 6b 05
0dc0  0c fa d6 14 00 0c fe d6  14 00 d6 09 10 50 fd cf
0dd0  af ff 70 fd 8f e6 f5 05  e6 f4 0d e6 f1 43 e6 f7
0de0  48 b0 fa 31 60 2c f7 3c  a6 4c ff 92 42 3e 48 15
0df0  92 42 76 15 02 eb 0a 4c  00 3c a4 92 42 50 fd cf
0e00  af 4c 80 8b f4 ff ff ff  ff ff ff ff ff ff ff ff
0e10  ff ff ff ff 70 fd 31 60  0c f7 1c a4 82 30 2c f5
0e20  4c 15 93 42 42 33 eb 0b  0c fc d6 14 00 3c 80 0c
0e30  f7 1c a4 92 30 cf 50 fd  af ff 50 70 50 71 70 fd
0e40  31 70 2c 15 83 20 44 15  15 6b 05 d6 08 18 8b f2
0e50  50 fd 30 70 ff ff ff ff  79 51 49 4e 59 4f 8d 17
0e60  fd 59 51 69 4e 79 4f 8d  17 fd 70 4e 70 4f 70 51
0e70  70 fd 31 70 08 4e 18 4f  2c 00 38 51 48 4a 58 4b
0e80  6c 00 78 4d e6 5e 16 e6  5f 58 98 e5 22 91 88 e4
0e90  32 80 db 06 60 e9 60 e8  a0 e8 b8 e7 22 b3 a8 e6
0ea0  32 a2 db 06 60 eb 60 ea  a0 ea a2 9b c8 e8 32 ca
0eb0  fb 16 e6 5e 16 e6 5f 61  0c 00 18 51 28 4e 38 4f
0ec0  4c 00 58 4d 68 4a 78 4b  a2 51 c8 e4 32 c0 7b 18
0ed0  c8 e1 18 e5 58 ec c8 e0  08 e4 48 ec c8 e3 38 e7
0ee0  78 ec c8 e2 28 e6 68 ec  22 15 32 04 a8 e0 b8 e1
0ef0  9c 00 22 37 32 26 db 08  9c ff 60 e2 60 e3 a0 e2
0f00  cc 00 dc 00 ec 00 fc 09  22 31 32 20 fb 05 02 31
0f10  12 20 df ef 10 ee 10 ed  10 ec cf 10 e3 10 e2 fa
0f20  e7 42 99 db 0b 60 ee 60  ed 60 ec ee eb 02 a0 ec
0f30  8c 00 d4 5e a0 e4 02 8e  12 7d 12 6c 80 ea db f2
0f40  50 fd 50 51 50 4f 50 4e  af ff 70 fd 31 60 0c f7
0f50  1c a4 82 30 42 33 eb 09  d6 14 ae 7b 19 3c 80 0c
0f60  f7 1c a5 2c f5 4c 13 83  42 82 40 1c a4 a2 34 eb
0f70  02 3c 00 92 30 cf 50 fd  af ff 70 fd 31 20 e6 15
0f80  01 d6 ff f0 7b 18 2c 00  3c 00 d6 ff f6 7b 08 4c
0f90  13 93 40 a0 22 8b f3 4c  00 a6 13 88 6b 02 48 13
0fa0  d6 ff f3 50 fd af e6 02  30 e6 f6 0f 70 fd 31 60
0fb0  0c 08 18 15 2c 00 c0 61  c0 62 46 62 30 48 62 29
0fc0  02 3c 18 3a fe 46 62 40  29 02 3c 18 3a fe 49 02
0fd0  3c 18 3a fe 0a de 0c 08  54 03 60 eb f9 e6 02 10
0fe0  3c 18 3a fe 49 02 50 fd  af 70 13 d6 08 1e e4 13
0ff0  5a 50 13 af 8d 17 e9 8d  16 6a 8d 0f 0a 8d 08 3a
1000  40 41 42 44 45 46 48 49  4a 4c 4d 4e 50 51 52 54
1010  55 56 58 59 5a 5c 5d 5e  00 50 a8 00 50 a8 00 50
1020  a8 00 50 a8 00 50 a8 00  50 a8 00 50 a8 00 50 a8
1030  0c 18 18 5c c2 40 06 e1  18 c2 50 04 5b 65 af ff
1040  06 e5 28 7b 08 4b 07 66  e5 78 eb 08 0b 4e 06 e5
1050  08 16 e4 00 af ff 18 5c  90 e1 90 e1 90 e1 0c 00
1060  28 e1 cf 10 e1 10 e0 10  e1 10 e0 02 12 16 e0 fc
1070  04 5b 61 16 e0 00 af ff  70 fd 31 60 d6 18 56 28
1080  5a 92 20 3c 00 1c 05 cf  c0 e2 c0 e3 1a f9 02 27
1090  d6 18 30 ff 0c 08 8c f7  9c a0 82 98 8c 60 e6 f8
10a0  b2 92 98 82 12 92 14 60  e1 f0 e9 92 98 92 14 f0
10b0  e9 d6 18 40 3e 0a ea e6  f8 92 50 fd af ff 3c 27
10c0  24 5b 63 76 55 40 6b 08  76 5c 01 eb 03 06 63 28
10d0  39 5f 20 5f 8b 80 ff ff  70 5b 70 5c d6 18 56 82
10e0  20 29 5a d6 18 78 20 5b  a6 5b 28 7b 04 20 5c b0
10f0  5b 80 5e eb e7 50 5c 50  5b af 76 55 20 6b 03 d6
1100  f5 12 e4 15 5a 70 fd 31  50 42 55 db 15 56 55 7f
1110  d6 18 78 be a6 5b 28 7b  06 ce bc 00 8d 1a 9d 50
1120  fd af a6 5a 10 fb e6 ff  aa 0e 00 5b db f1 bc 27
1130  00 5c db eb cc 17 8b e7  aa 12 be a6 5b 28 7b df
1140  bc 00 ce a6 5c 18 7b d7  cc 00 8b d3 aa 02 8b e0
1150  aa 02 8b ee aa 06 bc 00  cc 00 8b c3 aa 0c bc 00
1160  76 55 40 6b ba 56 5c fe  8b b5 aa 22 31 60 d6 18
1170  be 00 63 ff ff 5b 0c a0  60 82 20 80 60 92 20 a0
1180  60 8b ee 2c 20 92 20 b0  5e d6 18 d8 8b 91 aa 1f
1190  42 bb eb 0a 76 55 40 6b  86 76 5c 01 6b 81 ac 01
11a0  d6 19 05 ac 20 d6 19 05  ac 01 d6 19 05 8b dd aa
11b0  19 31 60 d6 18 be 3e 2c  20 82 40 92 20 28 64 a0
11c0  60 3a f6 b0 5e d6 18 d8  8b e3 aa 4c ac 06 d6 19
11d0  05 31 60 d6 18 56 2c 00  3c 28 76 55 40 6b 02 3c
11e0  50 98 63 39 5f 4c ff 5c  c0 02 31 12 20 22 53 32
11f0  42 a0 64 80 64 6b 14 b0  5e 04 65 5f 14 64 5e 82
1200  82 92 80 a0 62 a0 60 80  64 eb f4 2c 20 92 20 a0
1210  60 9a fa d6 18 d8 8b b0  aa 52 ff ac 06 d6 19 05
1220  31 60 d6 18 56 2c ff 3c  bf 9c 28 76 55 40 6b 02
1230  9c 50 22 39 e6 5e ff e6  5f c0 24 61 5f 34 60 5e
1240  48 5e 58 5f 22 59 36 64  00 a0 64 80 64 6b 10 0c
1250  ff 1c bf 82 82 92 80 80  60 80 62 80 64 eb f4 2c
1260  20 92 20 80 60 9a fa d6  18 d8 8b aa aa 1e 9c 20
1270  ec fc fc 00 ac 03 bc c0  92 9e a0 5e 80 5a eb f8
1280  ec 03 fc c0 31 60 b0 5c  8b dd 8b 8a aa 57 ac 06
1290  d6 19 05 ce 76 55 40 6b  04 ce 56 5c fe a6 5c 18
12a0  7b e8 76 55 10 6d 19 56  31 60 0c fc 1c 00 2c fc
12b0  3c a0 ff 4c 03 5c c0 49  5e 59 5f 22 53 98 63 ff
12c0  82 82 92 80 a0 60 a0 62  80 64 eb f4 8c 20 92 80
12d0  a0 60 9a fa b0 5c d6 18  d8 e6 5c 14 ff ff ff ff
12e0  ff ff ff 8b a5 aa 03 46  55 80 8b 9e ff ff ff ff
12f0  70 fd 31 60 70 e1 70 e0  1c 10 b6 03 40 0c 60 0a
1300  fe 1a f7 50 e0 50 e1 50  fd af 70 fd 31 60 d8 55
1310  f0 6d 56 6d 80 0c 00 2c  00 5c 0f 4c 7f c2 34 70
1320  e5 1c 04 10 e3 fb 10 4c  1d 82 84 a6 e8 b0 fb 05
1330  2c 80 42 25 0d 08 e8 06  e5 10 1a e7 ff 50 e5 00
1340  e5 db d8 b6 e2 80 db 05  dc 00 50 fd af 1c 00 c0
1350  e0 c0 e1 c0 e0 c0 e1 56  e0 0f 06 e0 1d 42 12 82
1360  30 42 33 5b 16 76 ec 20  6b 0d a6 e3 61 7b 08 a6
1370  e3 7b fb 03 26 e3 20 42  d3 8b cf cf 10 e3 cf 10
1380  e3 46 e3 e0 2c f7 d4 62  31 60 0c 30 d6 1a f0 0a
1390  fb 8b b5 ff 70 fd 31 60  0c f7 1c a0 82 20 70 62
13a0  1e 82 20 00 61 92 20 b0  5e e6 5f 01 d6 18 d8 50
13b0  62 0c f7 1c a0 92 20 8b  03 56 6c 7f d9 5f d6 08
13c0  1b d9 13 42 dd 6b f2 0c  1f 52 0c f8 60 42 ff eb
13d0  fc a4 6d 5f 6b 05 56 6c  7f 8b 19 42 cc 5b 15 fc
13e0  80 d6 08 1b 42 dd 6b d1  a4 6d 5f eb cc 42 ff eb
13f0  f0 46 6c 80 76 6c 40 6b  03 d6 1a f0 b0 5e e6 5f
1400  01 d6 18 d8 50 fd af ff  ff ff ff ff ff ff 44 6f
1410  6f 6b 02 00 6f bf ff ff  ff 70 fd 31 50 42 88 5b
1420  1c 00 58 db 07 ac 0d a9  13 50 fd af ec f7 fc a2
1430  82 ae 70 5a ae 92 ae 50  5f 82 ae 8b ea d6 08 1e
1440  a8 13 d6 19 05 76 55 80  eb f3 a6 13 0d eb ee 31
1450  60 d6 18 56 2c 28 76 55  40 6b 02 2c 50 22 12 36
1460  e0 00 4c f7 5c 00 b0 58  82 30 92 34 a6 e3 20 6b
1470  04 59 58 20 58 a0 60 5e  2a ee 31 50 ec f7 fc a2
1480  ac 00 92 ae 8b 9b 70 fd  31 20 e6 15 02 d6 ff f0
1490  7b 10 4c 15 83 40 d6 ff  f9 7b 07 80 e2 eb f3 4c
14a0  00 0d 48 13 d6 ff f3 fb  02 48 13 50 fd af 70 fd
14b0  31 70 0c f7 1c a8 2c 74  3c 04 83 20 3a fc 3c 03
14c0  52 37 02 57 12 46 a0 e6  3a 09 cf 76 e4 10 6b 01
14d0  df 8b 1c 3a 09 df 76 e4  80 6b f6 cf 8b f3 3a 09
14e0  cf 76 e5 04 6b eb df 8b  e8 df 42 55 db 01 cf 10
14f0  74 10 75 2c 74 1c a8 3c  04 93 20 3a fc 50 fd af
1500  ff 31 32 33 34 35 36 37  38 39 30 2d 3d 08 09 0c
1510  c3 71 77 65 72 74 79 75  69 6f 70 5b 5d 07 03 06
1520  c2 61 73 64 66 67 68 6a  6b 6c 3b 27 5c 01 05 02
1530  c1 7a 78 63 76 62 6e 6d  2c 2e 2f 0d 20 20 04 0d
1540  ff 21 40 23 24 25 5e 26  2a 28 29 5f 2b ff ff ff
1550  ff 51 57 45 52 54 59 55  49 4f 50 7b 7d 07 03 06
1560  ff 41 53 44 46 47 48 4a  4b 4c 3a 22 7c 01 05 02
1570  ff 5a 58 43 56 42 4e 4d  3c 3e 3f 0d 20 20 04 0d
1580  ff 08 09 0c ff 1a 1b 1c  1d 1e 1f 5e ff ff ff ff
1590  ff 07 03 06 0a ff ff ff  ff ff ff 5c ff ff ff ff
15a0  ff 01 05 02 0b ff ff ff  ff ff ff 7c ff ff ff ff
15b0  ff 0f 04 ff 0e ff ff ff  7b 7d 5f 7e ff ff ff ff
15c0  ff 11 12 13 14 15 16 17  18 19 10 7f ff ff ff ff
15d0  ff 80 81 82 83 84 85 86  87 ff ff 60 ff ff ff ff
15e0  ff ff ff ff ff ff ff ff  ff ff ff ff ff ff ff ff
15f0  ff ff ff ff ff ff ff ff  ff ff ff ff ff ff ff ff
1600  ff ff ff ff ff ff ff ff  ff ff ff ff ff ff ff ff
1610  ff ff ff ff ff ff ff ff  ff ff ff ff ff ff ff ff
1620  ff ff ff ff ff ff ff ff  ff ff ff ff ff ff ff ff
1630  ff ff ff ff ff ff ff ff  ff ff ff ff ff ff ff ff
1640  ff ff ff ff ff ff ff ff  ff ff ff ff ff ff ff ff
1650  ff ff ff ff ff ff ff ff  ff ff ff ff ff ff ff ff
1660  ff ff ff ff ff ff ff ff  ff ff ff ff ff ff ff ff
1670  ff ff ff ff ff ff ff ff  ff ff ff ff ff ff ff ff
1680  70 fd 31 60 0c fc 1c 00  2c 03 3c c0 29 5e 39 5f
1690  82 40 26 e0 04 82 50 92  40 06 e0 04 92 50 a0 e0
16a0  80 e2 eb ec b0 5b b0 5c  d6 18 d8 50 fd af ff ff
16b0  b6 6c 40 af b6 6c 20 af  46 55 20 af 56 55 df af
16c0  8d 1e 80 af b6 55 08 af  af af af af af af af af
16d0  d6 0c a9 5c 23 d6 08 18  cc 00 8c 00 9c 00 dc 10
16e0  10 1b 10 1a 12 99 40 19  12 88 40 18 12 cc da f0
16f0  5c 30 02 5c d6 08 18 d6  0c 69 8d 0c 8d ff ff ff
1700  70 fd 31 60 d6 0f bb 48  60 58 61 31 70 0c 60 18
1710  4b 60 71 f0 71 92 10 08  4c 18 4d 28 52 38 53 cc
1720  10 48 63 5c 76 83 50 83  50 83 50 90 e4 7b 08 c0
1730  76 c0 77 c0 78 8b f4 a8  64 b8 65 5c 76 4c 03 e6
1740  f8 b2 76 03 04 eb fb 82  9a 92 92 b3 95 76 4a 01
1750  6b 02 43 95 92 9a 5e a0  e2 a0 ea 4a ea e6 f8 92
1760  31 60 d6 18 40 31 70 ca  b8 50 fd af ff 70 fd 31
1770  60 d6 0f bb 2c 60 38 4b  60 63 f0 63 92 32 28 52
1780  38 53 9c 10 48 60 58 61  8c 03 e6 f8 b2 76 03 04
1790  eb fb 82 62 92 60 a0 e0  a0 e2 8a f6 e6 f8 92 d6
17a0  18 40 08 64 18 65 9a e0  50 fd af ff ff ff ff ff
17b0  ff ff ff ff ff ff ff ff  ff ff ff ff ff ff ff ff
17c0  ff ff ff ff ff ff ff ff  ff ff ff ff ff ff ff ff
17d0  ff ff ff ff ff ff ff ff  ff ff ff ff ff ff ff ff
17e0  ff ff ff ff cf af 8d 0a  35 8d 0a 30 cf ff af ff
17f0  8d 15 d2 8d 15 a8 8d 17  4a 8d 16 14 cf ff af ff
