0000  8b 08 43 25 45 30 30 41  0d 00 8d e0 c7 d6 e2 08
0010  88 e2 b2 84 42 22 db 06  60 e2 60 e3 a0 e2 42 44
0020  db 06 60 e4 60 e5 a0 e4  9c 10 ac 00 bc 00 c0 e4
0030  c0 e5 fb 04 02 b3 12 a2  c0 ea c0 eb c0 e6 c0 e7
0040  9a ec 28 ea 38 eb af d6  e2 08 88 e2 b2 84 42 44
0050  db 06 60 e4 60 e5 a0 e4  a8 e4 b8 e5 d6 e2 08 42
0060  44 db 0e 60 e4 60 e5 60  e2 60 e3 a0 e2 eb 02 a0
0070  e4 b0 e6 b0 e7 9c 20 10  e3 10 e2 10 e5 10 e4 10
0080  e7 10 e6 22 7b 32 6a fb  04 02 7b 12 6a ef 10 e3
0090  10 e2 10 e5 10 e4 9a e7  af d6 e0 a7 f3 f2 00 ef
00a0  f3 f3 28 e4 38 e5 af 00  ef 6c 37 a6 ef 21 7d e0
00b0  b2 af d6 e2 21 06 0d 23  4d 53 47 20 ff 69 5a d6
00c0  08 27 d6 0a d4 8b 16 31  10 d6 e2 21 10 0c 20 4a
00d0  55 2b 54 45 2d 46 4f 52  54 48 0d 0a 0d fc 50 8f
00e0  31 f0 fc 00 ec fe bc 10  9c 08 8c 92 7c 00 5c 07
00f0  4c 40 1c 03 31 10 e6 7c  0a e6 7d da 9f 31 10 d6
0100  e2 21 04 20 4f 4b 0d d6  e2 3d d6 e6 d7 8d e0 fd
0110  28 e4 38 e5 af 8c 00 92  84 af d6 e0 99 ac 14 af
0120  d6 e2 08 68 e2 78 e3 22  75 32 64 af d6 e2 08 88
0130  e2 98 e3 a8 e4 b8 e5 d6  e2 08 8d e2 08 d6 e5 ea
0140  d6 e6 03 c8 e2 d8 e3 8d  e2 08 d6 e9 fd 8d e5 f4
0150  60 e2 60 e3 a0 e2 af d6  e1 2c 22 39 32 28 32 5b
0160  32 4a af d6 e1 57 b0 e2  b0 e3 af d6 e9 fd d6 e5
0170  f4 48 e2 42 43 6c 44 6d  e0 b2 8d e1 98 b0 6d d6
0180  0c 56 eb f9 b0 6d 8d e0  99 d6 ec 7d 8d ec 3e e6
0190  5a 22 d6 08 27 8d ec 3e  d6 e2 08 8d e2 08 00 00
01a0  00 00 00 00 00 00 00 00  00 00 00 00 00 00 00 00
01b0  00 00 00 00 00 00 00 00  00 00 00 00 00 00 00 00
01c0  00 00 00 00 00 00 00 00  00 00 00 00 00 00 00 00
01d0  00 00 00 00 00 00 00 00  00 00 00 00 00 00 00 00
01e0  00 00 00 00 00 00 00 00  00 00 00 36 39 31 33 35
01f0  37 39 36 39 31 2d 32 30  31 32 31 2d 46 34 31 32
0200  84 44 52 4f 50 00 00 00  48 e2 58 e3 e3 3f fe e3
0210  2f fe 6c 31 a6 ef 51 fd  e0 b2 af 82 2e 22 e2 00
0220  0e 50 e4 50 e5 c2 84 a0  e4 7c 5a c3 74 d6 08 27
0230  8a f7 30 e4 85 51 55 45  52 59 e2 1b 00 e6 5a 5c
0240  d6 08 27 d6 08 24 a6 5a  0d eb f8 4c fd 58 5b 5e
0250  d6 e1 15 6c 30 42 55 6d  e0 b2 00 e5 82 64 a6 e6
0260  5c eb f0 6c 20 92 64 d6  e0 99 d6 e2 77 8d e2 81
0270  83 54 49 42 e2 34 00 d6  e2 94 fd 71 81 21 e2 70
0280  00 d6 e2 08 d2 24 a0 e4  d2 34 8d e2 08 83 56 41
0290  52 e2 7c 0a d6 e0 99 50  e2 50 e3 af 83 43 4f 4e
02a0  e2 8d 0a d6 e0 99 50 e6  50 e7 ac 12 c3 a6 c3 a6
02b0  af 83 4c 49 54 e2 9c 0a  50 e8 50 e9 ac 14 c3 a8
02c0  c3 a8 d6 e0 99 30 e8 84  44 4c 49 54 e2 b1 0c 50
02d0  e8 50 e9 d6 e1 1a c3 a8  c3 a8 ac 12 8b e0 83 52
02e0  4f 54 e2 c7 00 e3 5f f3  f3 fe e3 4f f3 f2 fe e3
02f0  3f f3 f5 d6 e2 11 e3 2f  f3 f4 26 ef 03 af 84 53
0300  57 41 50 e2 de 00 e3 5f  f3 f3 d6 e2 11 e3 4f f3
0310  f2 28 e4 38 e5 00 ef af  83 44 55 50 e2 fe 00 d6
0320  e0 a7 f3 f2 00 ef f3 f3  af 84 3f 44 55 50 e3 18
0330  00 48 e2 42 43 eb e8 af  83 43 4c 53 e3 29 00 8d
0340  08 dd 84 4f 56 45 52 e3  38 00 e3 5f fe e3 4f 00
0350  ef 8d e0 99 82 3e 52 e3  42 00 50 e4 50 e5 70 e3
0360  70 e2 e3 3f fe e3 2f d6  e2 11 30 e4 82 52 3e e3
0370  54 00 50 e8 50 e9 d6 e0  99 50 e2 50 e3 30 e8 81
0380  52 e3 6c 00 d6 e0 99 50  e4 50 e5 50 e2 50 e3 70
0390  e3 70 e2 30 e4 81 2b e3  7f 00 03 3f fe 13 2f 8d
03a0  e2 11 81 2d e3 95 00 00  00 d6 e2 08 22 35 32 24
03b0  af 81 2a e3 a2 00 d6 e2  08 8d 00 ba 81 2f e3 b1
03c0  00 d6 e2 08 8d 00 e0 83  4d 4f 44 e3 bc 00 d6 e2
03d0  08 8d 01 1f 82 31 2b e3  c7 00 a0 e2 af 86 4e 45
03e0  47 41 54 45 e3 d4 00 8d  e1 50 ff 83 41 42 53 e3
03f0  dd 00 42 22 5b f1 af 82  55 2a e3 eb 00 d6 e2 08
0400  d6 e0 28 8b 20 00 ef f3  f7 af 82 4d 2a e3 f7 00
0410  d6 e0 0d 42 88 db 0e 60  e2 60 e3 60 e6 60 e7 a0
0420  e6 eb 02 a0 e2 00 ef f3  f6 00 ef f3 f7 af 82 4d
0430  2f e4 0a 00 d6 e0 47 42  88 db ea 60 e2 60 e3 a0
0440  e2 60 e6 60 e7 a0 e6 8b  dc 82 55 2f e4 2e 00 d6
0450  e2 08 a8 e4 b8 e5 d6 e2  08 d6 e0 71 8b c7 85 2a
0460  2f 4d 4f 44 e4 49 00 d6  e2 e5 d6 e2 e5 d6 e4 10
0470  d6 e2 e5 8b bf 82 2a 2f  e4 5e 00 d6 e4 67 d6 e3
0480  06 8d e2 08 85 4d 2f 4d  4f 44 e4 75 00 d6 e2 08
0490  a8 e4 b8 e5 d6 e2 08 d6  e0 71 00 ef f3 f6 00 ef
04a0  f3 f7 8d e0 99 82 44 4f  e4 84 80 d6 e2 08 50 e8
04b0  50 e9 70 e3 70 e2 70 e5  70 e4 d6 e2 08 30 e8 85
04c0  2b 4c 4f 4f 50 e4 a5 22  50 e8 50 e9 50 e4 50 e5
04d0  50 e6 50 e7 70 e7 70 e6  02 53 12 42 70 e5 70 e4
04e0  3c 1a c3 38 c3 38 22 57  32 46 b2 24 78 e4 42 75
04f0  d6 e2 08 42 77 6b 06 90  e4 fb 02 30 ea 50 e4 50
0500  e4 50 e4 50 e4 30 e8 84  4c 4f 4f 50 e4 bf 22 d6
0510  e0 99 2c 00 3c 01 8b b0  81 49 e5 07 00 8d e3 84
0520  85 4c 45 41 56 45 e5 18  00 50 e8 50 e9 50 e4 50
0530  e5 50 e6 50 e7 70 e5 70  e4 70 e5 70 e4 30 e8 85
0540  42 45 47 49 4e e5 20 80  af 85 55 4e 54 49 4c e5
0550  3f 22 d6 e2 08 50 e8 50  e9 ac 16 c3 a8 c3 a8 42
0560  45 6b 02 30 e8 30 e6 85  57 48 49 4c 45 e5 49 42
0570  8b e0 86 52 45 50 45 41  54 e5 67 32 50 e8 50 e9
0580  ac 16 c3 a8 c3 a8 30 e6  85 41 47 41 49 4e e5 72
0590  22 8b e9 83 4b 45 59 e5  88 00 d6 0c 1d 4c 00 58
05a0  5a 8d e0 99 82 43 52 e5  93 00 8d 0a ce 84 45 4d
05b0  49 54 e5 a4 00 d6 e2 08  59 5a 8d 08 27 84 4b 45
05c0  59 3f e5 ad 00 b0 6d d6  0c 56 4c 00 58 6d 8d e0
05d0  99 58 6d 8d e0 99 82 44  50 e5 bd 00 d6 e2 94 f4
05e0  65 ff 84 48 45 52 45 e5  d6 00 d6 e5 dc 8b 05 81
05f0  40 e5 e2 00 c2 42 a0 e2  c2 32 28 e4 af 82 32 2b
0600  e5 ef 00 a0 e2 a0 e2 af  87 45 4e 43 4c 4f 53 45
0610  e5 fd 00 0c 00 1c 80 48  e2 58 e3 7c 20 82 64 42
0620  66 6b 17 18 e5 d6 e6 43  a2 67 6b f1 82 64 42 66
0630  6b 08 0e d6 e6 43 a2 67  eb f2 00 e1 38 e5 58 e1
0640  92 04 af 5e 66 e5 0d eb  03 06 e5 03 af 85 2d 46
0650  49 4e 44 e6 08 00 d6 e5  ea c2 82 a0 e2 c2 92 38
0660  e8 42 39 2c 00 eb 01 af  4c fd 58 e1 82 64 c2 78
0670  56 e7 7f a2 67 6b 09 df  12 97 12 28 38 e9 8b d9
0680  d6 e6 43 a0 e8 82 a4 c2  b8 d6 e6 43 00 e7 a2 ab
0690  eb e5 42 77 eb ed 06 e9  03 12 87 c2 e8 28 e8 38
06a0  e9 a0 e2 af 86 45 58 50  45 43 54 e6 4d 00 d6 e2
06b0  08 d6 08 24 6c 5a d3 62  a6 5a 0d 6b 04 80 e4 eb
06c0  f0 6c 00 80 e2 d2 62 8d  e2 08 89 49 4e 54 45 52
06d0  50 52 45 54 e6 a4 00 d6  e9 7a d6 e2 77 d6 e5 f4
06e0  d6 e1 4a d6 e2 08 42 45  eb 03 d6 e1 3d d6 e6 13
06f0  42 00 eb 27 d6 e9 3a d6  e2 77 d6 e2 81 d6 e9 fd
0700  d6 e5 f4 d6 e2 08 42 45  6b 02 af ff 6c af d2 6c
0710  d6 e5 ea d6 e6 03 d6 e2  08 30 e4 d6 e6 56 d6 e2
0720  08 68 e4 42 65 eb 41 d6  e8 07 d6 e9 6d d6 e5 f4
0730  d6 e2 08 d6 e7 f6 6c e2  d2 6c a0 ec a0 e4 6b 0e
0740  6c cf d2 6c a0 ec 6c 12  d3 6c d3 6c 8b 06 6c b8
0750  d2 6c a0 ec d6 e2 08 6c  12 d3 6c d3 6c d6 e2 08
0760  d6 e2 77 d6 e5 f4 8b 85  76 ee 01 6b 10 70 e5 70
0770  e4 d6 e6 f7 50 e4 50 e5  d4 e4 8d e6 da d6 e7 f6
0780  6c 14 d3 6c d3 6c a8 ec  b8 ed 68 ee 56 e6 06 6b
0790  30 a6 e6 02 6b 09 a6 e6  04 eb 0a a0 ec a0 ec a0
07a0  ec a0 ec 8b 1c b0 e7 a0  ec 82 62 3e 66 e3 0d eb
07b0  03 06 e3 03 a6 e6 22 6b  05 d2 6c 7e 8b e9 d2 7a
07c0  ff 76 ee 10 6b 0a 50 e8  50 e9 d2 c8 a0 e8 d2 d8
07d0  76 ee 20 6b 0c 50 e8 50  e9 d2 8a a0 ea d2 9a 80
07e0  ea 76 ee 40 6b 04 70 eb  70 ea 76 ee 80 6b 04 70
07f0  ed 70 ec 8d e6 ed 6c d6  d2 6c a0 ec af 86 4e 55
0800  4d 42 45 52 e6 ca 00 d6  e2 77 d6 e2 81 d6 e0 99
0810  0c 00 2c 00 3c 00 4c 00  5c 00 ec 00 d6 e0 99 d6
0820  e0 99 2c fd 38 e1 4c ff  5c ff d6 e0 99 d6 e9 6d
0830  d6 e2 81 3e 66 e3 0d eb  03 06 e3 03 c2 72 a6 e7
0840  20 6b 72 a6 e7 2e 6b 5d  a6 e7 2d eb 04 ec ff 8b
0850  e2 42 77 6b 60 42 00 6b  0e d6 e9 6d d6 e5 f4 a0
0860  e2 d6 e9 6d d6 e2 81 26  e7 30 7b 50 a6 e7 0a 7b
0870  08 26 e7 07 a6 e7 0a 7b  43 d6 e2 e5 d6 e2 e5 d6
0880  e9 8b d6 e5 f4 a2 73 fb  33 70 e7 d6 e9 17 d6 e2
0890  08 6c 00 50 e7 02 37 12  26 12 56 12 46 d6 e0 99
08a0  d6 e2 e5 8b 8e 0e 4c 00  5c 00 d6 e0 99 d6 e9 6c
08b0  d6 e2 81 8b ee d6 e2 08  ee 6b 34 af 38 e1 2c fd
08c0  a0 e2 ff 6c 5a c3 62 a6  5a 20 6b 0d d6 08 27 66
08d0  e3 0d eb ef 06 e3 03 8b  ea e6 5a 3f d6 08 27 6c
08e0  30 8d e0 b2 87 44 4e 45  47 41 54 45 e7 fd 00 d6
08f0  e2 08 60 e2 60 e3 60 e4  60 e5 a0 e2 eb 02 a0 e4
0900  8d e0 99 84 44 41 42 53  e8 e4 00 ff 42 22 5b df
0910  af 82 44 2a e9 03 00 d6  e3 06 d6 e3 4a d6 e3 fd
0920  d6 e2 08 d6 e2 e5 d6 e2  e5 d6 e3 fd d6 e2 e5 8d
0930  e3 9a 84 3f 43 53 50 e9  11 00 d6 e9 98 d6 e9 aa
0940  d6 e5 f4 d6 e2 08 6c 4a  8b 0f 86 3f 50 41 49 52
0950  53 e9 32 00 d6 e2 08 6c  49 22 35 32 24 42 23 ed
0960  e0 b2 8d e2 08 83 44 50  4c e9 4a 00 ff d6 e2 94
0970  ff ff 84 21 43 53 50 e9  65 00 d6 e9 98 d6 e9 aa
0980  8d e2 81 84 42 41 53 45  e9 72 00 d6 e2 94 00 0a
0990  83 52 50 40 e9 83 00 ff  58 ff 48 fe a0 e4 a0 e4
09a0  8d e0 99 83 43 53 50 e9  90 00 d6 e2 94 fd fc 85
09b0  57 4f 52 44 53 e9 a3 00  d6 e5 dc d6 e5 f4 5c 07
09c0  c2 82 a0 e2 c2 92 48 e8  42 49 6d e2 08 c2 78 a0
09d0  e8 56 e7 7f 6c 5a c3 68  d6 08 27 7a f7 e6 5a 0d
09e0  d6 08 27 28 e8 38 e9 5a  d7 d6 08 24 a6 5a 0d 6b
09f0  cd 8d e2 08 85 53 54 41  54 45 e9 af 00 d6 e2 94
0a00  00 00 86 43 52 45 41 54  40 e9 f4 00 d6 e5 ea d6
0a10  e3 1f d6 e9 fd d6 e2 81  c2 a2 a0 e2 c2 b2 80 e2
0a20  c8 e2 d8 e3 d6 e2 08 d6  e2 77 d6 e5 f4 d6 e6 13
0a30  6c 44 42 00 6b 34 68 e0  46 e6 80 d2 6c a0 ec d6
0a40  e6 43 82 64 d2 6c a0 ec  0a f5 48 ec 58 ed d6 e0
0a50  99 d6 e5 dc d6 e2 81 6c  1a d3 6c d3 6c b0 e6 d2
0a60  6c a0 ec d6 e2 77 d6 e2  81 af 70 e6 d6 e5 ea d6
0a70  e5 f4 d6 e9 fd d6 e5 f4  d6 e3 1f d6 e5 dc d6 e2
0a80  81 d6 e2 81 4c 00 5c 00  d6 e0 99 d6 e9 fd d6 e2
0a90  81 50 e6 8d e0 b2 88 56  41 52 49 41 42 4c 45 ea
0aa0  02 01 d6 ea 0c 8c e2 9c  94 d6 ea da a0 ec a0 ec
0ab0  48 ec 58 ed a0 ec a0 ec  d6 e0 99 d6 e9 fd d6 e5
0ac0  f4 d6 e3 4a d6 e2 81 d6  e5 dc d6 e2 81 4c 00 5c
0ad0  00 d6 e0 99 d6 e9 fd 8d  e2 81 d6 e7 f6 6c 18 d3
0ae0  6c d3 6c af 88 43 4f 4e  53 54 41 4e 54 ea 96 01
0af0  d6 ea 0c 8c e2 9c a3 d6  ea da 6c 12 d3 6c d3 6c
0b00  d6 e2 08 8b ab 81 3b ea  e4 01 d6 e9 98 d6 e9 aa
0b10  d6 e5 f4 d6 e2 08 22 35  32 24 42 23 6c 49 ed ea
0b20  6a d6 e1 6b 6c af d2 6c  a0 ec 8d ea b0 81 3a eb
0b30  05 01 d6 ea 0c 50 e4 50  e5 d6 e9 7a 8d e7 60 ff
0b40  ff ff ff ff ff 86 46 4f  52 47 45 54 eb 2d 01 d6
0b50  e2 77 d6 e5 f4 d6 e6 13  6c 44 42 00 6d e0 b2 d6
0b60  e6 56 68 e2 42 63 6d e8  bc d6 eb 8e d6 e3 1f d6
0b70  eb b3 d6 e5 f4 d6 e3 4a  d6 e2 81 d6 e5 dc d6 e2
0b80  81 d6 e2 77 8d e2 81 83  4e 46 41 eb 45 00 26 e3
0b90  04 4c 00 32 24 c2 52 42  55 5b 05 4e 80 e2 8b f5
0ba0  56 e5 7f a2 45 6b 04 b0  e2 b0 e3 af 83 4c 46 41
0bb0  eb 87 00 c2 52 56 e5 7f  df 12 35 16 e2 00 af 82
0bc0  2e 21 eb ac 00 d6 e2 08  c2 64 a0 e4 c2 74 02 73
0bd0  12 62 d2 74 80 e4 d2 64  8d e2 08 84 43 4f 44 45
0be0  eb bf 01 d6 ea 0c c9 6e  d9 6f d6 13 52 31 10 c8
0bf0  70 d8 71 d6 e2 77 d6 e5  f4 4c 00 92 42 d6 e2 08
0c00  8d ea b0 83 43 46 41 eb  db 00 c2 52 56 e5 7f 06
0c10  e5 03 02 35 16 e2 00 af  83 49 44 2e ec 03 00 c2
0c20  52 56 e5 7f a0 e2 4c 5a  c3 42 d6 08 27 5a f7 d6
0c30  ec 3e 8d e2 08 85 53 50  41 43 45 ec 18 00 e6 5a
0c40  20 8d 08 27 86 53 50 41  43 45 53 ec 35 00 d6 e2
0c50  08 d6 ec 3e 5a fb af f9  af 82 23 3e ec 44 00 d6
0c60  e2 08 d6 e2 08 d6 ec ed  d6 e5 f4 58 e3 4c 00 60
0c70  e5 5e 8d e0 99 84 54 59  50 45 ec 59 00 d6 e2 08
0c80  6c 5a c3 62 d6 08 27 5a  f7 8d e2 08 84 48 4f 4c
0c90  44 ec 75 00 d6 ec ed d6  e5 f4 d6 e2 08 80 e4 d2
0ca0  34 d6 e1 10 d6 ec ed 8d  e2 81 84 53 49 47 4e ec
0cb0  8c 00 d6 e2 e5 42 22 dd  e2 08 3c 2d 8b d6 84 53
0cc0  2d 3e 44 ec aa 00 4c ff  5c ff 42 22 5b 02 a0 e4
0cd0  8d e0 99 82 3c 23 ec be  00 4c e2 5c 00 d6 e0 99
0ce0  d6 ec ed 8d e2 81 83 48  4c 44 ec d3 00 d6 e2 94
0cf0  e1 fe 81 23 ec e6 00 d6  e9 8b d6 e5 f4 d6 e4 8d
0d00  d6 e2 e5 d6 e2 08 78 e5  a6 e7 0a 7b 03 06 e7 07
0d10  06 e7 30 58 e7 4c 00 d6  e0 99 8d ec 94 82 23 53
0d20  ec f2 00 d6 ec f7 d6 e2  08 78 e2 42 73 d6 e0 99
0d30  42 72 42 73 eb ed af 82  55 2e ed 1d 00 d6 e2 b8
0d40  00 00 d6 ec d9 d6 ed 23  d6 ec 5f 8d e1 89 af 81
0d50  2e ed 37 00 d6 e3 1f d6  ec c6 d6 e9 0b d6 ec d9
0d60  d6 ed 23 d6 ec b2 d6 ec  5f d6 e1 89 af 82 44 2e
0d70  ed 4f 00 d6 e3 06 d6 e3  4a 8b df af 85 84 56 49
0d80  45 57 ed 6d 01 d6 e2 77  d6 e5 f4 d6 e6 13 6c 44
0d90  42 00 6d e0 b2 d6 e6 56  68 e2 42 63 6d e8 bc c8
0da0  e2 d8 e3 d6 e2 08 d6 e2  77 d6 e2 81 c2 4c a6 e4
0db0  d6 6b 24 a6 e4 8d 6b 1f  a6 e4 af 6b 48 c9 6e d9
0dc0  6f d6 e2 21 05 43 4f 44  45 20 d6 08 24 a6 5a 0d
0dd0  eb 33 d6 13 52 8b 2e 08  e4 a0 ec 6c 14 c3 6c c3
0de0  6c 80 e4 c2 e4 a0 e4 d6  e1 7d d6 eb 8e 42 22 eb
0df0  07 26 ed 03 32 c2 8b c5  d6 ec 1f 56 ee 0e eb 08
0e00  a6 e0 8d eb a7 8d e0 fd  76 ee 08 eb 07 02 de 16
0e10  ec 00 8b ec a6 ee 0a eb  0e 6c 14 c3 6c c3 6c d6
0e20  e0 99 d6 ed 54 8b d9 a6  ee 0c eb 17 d6 e0 99 6c
0e30  14 c3 6c c3 6c 6c 12 c3  6c c3 6c d6 e0 99 d6 ed
0e40  73 8b bd c2 8c a0 ec 7c  5a c3 7c d6 08 27 8a f7
0e50  d6 e1 8f 8b ab 83 53 50  40 ed 7d 00 58 ef 4c 00
0e60  8d e0 99 83 53 50 21 ee  55 00 fc 50 af 83 52 50
0e70  21 ee 63 00 50 e4 50 e5  b0 ff e6 fe fe 30 e4 83
0e80  41 4e 44 ee 6d 00 d6 e2  08 52 24 52 35 af 82 4f
0e90  52 ee 7f 00 d6 e2 08 42  24 42 35 af 83 58 4f 52
0ea0  ee 8e 00 d6 e2 08 b2 24  b2 35 af 81 3d ee 9c 00
0eb0  d6 e2 08 22 35 32 24 42  23 b0 e2 b0 e3 eb 02 80
0ec0  e2 af 81 3e ee ab 00 d6  e2 08 22 53 32 42 b0 e2
0ed0  b0 e3 9b ed 80 e2 af 81  3c ee c2 00 d6 e2 08 22
0ee0  35 32 24 b0 e2 b0 e3 9b  d8 80 e2 af 82 30 3d ee
0ef0  d7 00 8b c3 82 30 3c ee  ec 00 b0 e4 b0 e5 8b df
0f00  82 30 3e ee f4 00 b0 e4  b0 e5 8b be 82 49 46 ef
0f10  00 42 d6 e2 08 50 e6 50  e7 ac 18 c3 a6 c3 a6 42
0f20  45 eb 02 30 e8 30 e6 84  45 4c 53 45 ef 0c 52 50
0f30  e6 50 e7 ac 18 c3 a6 c3  a6 30 e8 84 54 48 45 4e
0f40  ef 27 10 af 84 2f 4d 4f  44 ef 3b 00 d6 e2 08 d6
0f50  00 e0 88 e2 d6 e0 99 d6  01 24 8d e3 06 83 4d 49
0f60  4e ef 44 00 d6 e1 20 5b  04 28 e4 38 e5 af 83 4d
0f70  41 58 ef 5d 00 d6 e1 20  5b ef af 82 44 2b ef 6e
0f80  00 d6 e1 2c 02 39 12 28  12 5b 12 4a 8d e0 99 82
0f90  2b 2d ef 7b 00 d6 e2 08  b2 42 5d e3 e7 af 83 44
0fa0  2b 2d ef 8f 00 d6 e2 08  b2 42 5d e8 ef af 87 44
0fb0  45 43 49 4d 41 4c ef 9e  00 d6 e2 b8 00 0a d6 e9
0fc0  8b 8d e2 81 83 48 45 58  ef ae 00 d6 e2 b8 00 10
0fd0  d6 e9 8b 8d e2 81 84 32  44 55 50 ef c4 00 d6 e3
0fe0  4a 8d e3 4a 82 43 40 ef  d6 00 c2 32 b0 e2 af 82
0ff0  43 21 ef e4 00 d6 e2 08  d2 34 8d e2 08 81 3f ef
1000  ef 00 d6 e5 f4 d6 ed 54  af 86 54 4f 47 47 4c 45
1010  ef fd 00 d6 e2 08 82 42  b2 45 92 42 8d e2 08 85
1020  43 4d 4f 56 45 f0 09 00  88 e2 98 e3 d6 e2 08 d6
1030  e2 08 82 72 92 74 a0 e2  a0 e4 80 e8 eb f4 8d e2
1040  08 84 46 49 4c 4c f0 1f  00 78 e3 d6 e2 08 d6 e2
1050  08 92 72 a0 e2 80 e4 eb  f8 8d e2 08 85 45 52 41
1060  53 45 f0 41 00 d6 e2 b8  00 00 8d f0 49 86 42 4c
1070  41 4e 4b 53 f0 5c 00 d6  e2 b8 00 20 8d f0 49 85
1080  43 4f 55 4e 54 f0 6d 00  82 52 b0 e4 a0 e2 8d e0
1090  99 82 2e 52 f0 7f 00 d6  e3 06 d6 e3 1f d6 ec c6
10a0  d6 e9 0b d6 ec d9 d6 ed  23 d6 ec b2 d6 ec 5f d6
10b0  e2 e5 d6 e3 4a d6 e3 a7  d6 ec 4e 8d ec 7d 83 44
10c0  2e 52 f0 91 00 d6 e2 e5  d6 e2 e5 d6 e3 06 d6 e3
10d0  4a 8b cd 83 55 2e 52 f0  be 00 d6 e3 06 d6 e2 b8
10e0  00 00 d6 ec d9 d6 ed 23  8b c2 84 51 55 49 54 f0
10f0  d3 00 d6 e2 b8 00 00 d6  e9 fd d6 e2 81 8d e0 dd
1100  85 42 55 53 49 4e f0 ea  00 e3 33 b0 e2 af 86 42
1110  55 53 4f 55 54 f1 00 00  d6 e2 08 f3 53 8d e2 08
1120  85 41 4c 4c 4f 54 f1 0e  00 d6 e5 ea d6 e3 9a 8b
1130  08 84 4c 49 4e 4b f1 20  00 d6 e3 1f d6 e5 ea d6
1140  e5 f4 d6 e3 06 d6 e2 81  d6 e5 dc 8d e2 81 85 44
1150  45 50 54 48 f1 31 00 5c  50 22 5f e0 e5 4c 00 8d
1160  e0 99 84 52 4f 4c 4c f1  4e 00 48 e3 02 44 02 4f
1170  58 e4 e3 34 00 e5 4e 6c  31 a6 e4 51 fd e0 b2 e3
1180  24 e3 75 f3 47 00 e4 00  e5 e3 75 f3 47 00 e4 00
1190  e5 a2 f5 7b ec fe fe af  84 50 49 43 4b f1 62 00
11a0  48 e3 02 44 02 4f 6c 31  a6 e4 50 fd e0 b2 e3 34
11b0  4e e3 24 af 84 32 52 4f  54 f1 98 00 d6 e2 b8 00
11c0  05 d6 f1 6a d6 e2 b8 00  05 8d f1 6a 85 32 44 52
11d0  4f 50 f1 b4 00 d6 e2 08  8d e2 08 85 32 53 57 41
11e0  50 f1 cc 00 d6 e2 b8 00  03 d6 f1 6a d6 e2 b8 00
11f0  03 8d f1 6a 82 44 2d f1  db 00 d6 e1 57 8d e0 99
1200  83 44 55 3c f1 f4 00 d6  e1 63 fb 02 80 e2 af 82
1210  44 3c f2 00 00 d6 e1 63  1b f2 af 82 44 3d f2 0f
1220  00 d6 e1 57 42 23 42 24  42 25 b0 e2 b0 e3 6b dc
1230  af 83 44 30 3d f2 1b 00  d6 e2 08 8b e7 85 32 4f
1240  56 45 52 f2 31 00 d6 e2  b8 00 03 d6 f1 a0 d6 e2
1250  b8 00 03 8d f1 a0 84 44  4d 41 58 f2 3d 00 d6 f2
1260  46 d6 f2 46 d6 f2 15 d6  ef 12 f2 72 d6 f1 e4 d6
1270  ef 43 8d f1 d5 84 44 4d  49 4e f2 56 00 d6 f2 46
1280  d6 f2 46 d6 f2 15 d6 ef  12 f2 90 d6 ef 2f f2 96
1290  d6 f1 e4 d6 ef 43 8d f1  d5 82 55 3c f2 75 00 d6
12a0  e1 20 b0 e2 b0 e3 7b 65  af 82 31 2d f2 99 00 8b
12b0  08 82 32 2d f2 a9 00 80  e2 80 e2 af 82 32 2f f2
12c0  b1 00 d0 e2 c0 e3 af 83  44 32 2f f2 bc 00 d6 e2
12d0  08 d0 e4 c0 e5 c0 e2 c0  e3 8d e0 99 83 4e 4f 54
12e0  f2 c7 00 60 e2 60 e3 af  82 2b 21 f2 dc 00 d6 e2
12f0  08 82 64 a0 e4 82 74 02  73 12 62 92 74 80 e4 92
1300  64 8d e2 08 82 32 40 f2  e8 00 d6 e3 1f d6 e6 03
1310  d6 e5 f4 d6 e3 06 8d e5  f4 82 32 21 f3 04 00 d6
1320  e3 1f d6 e3 5a d6 e2 81  d6 e3 72 d6 e6 03 8d e2
1330  81 86 43 4d 4f 56 45 3e  f3 19 00 88 e2 98 e3 d6
1340  e2 08 d6 e2 08 02 39 12  28 02 59 12 48 82 72 92
1350  74 80 e2 80 e4 80 e8 eb  f4 8d e2 08 88 46 4f 52
1360  54 48 2d 38 33 f3 31 00  d6 e2 21 33 53 55 42 53
1370  45 54 20 45 52 57 45 49  2d 54 45 52 54 20 46 55
1380  45 52 20 20 20 20 44 4f  50 50 45 4c 54 45 20 20
1390  20 20 20 47 45 4e 41 55  49 47 4b 45 49 54 20 af
13a0  83 55 4d 2a f3 5c 00 8d  e3 fd 86 55 4d 2f 4d 4f
13b0  44 f3 a0 00 d6 e4 8d 8d  e2 08 82 52 40 f3 aa 00
13c0  8d e3 84 84 45 58 49 54  f3 ba 00 50 e4 50 e5 af
13d0  85 49 4e 50 55 54 f3 c3  00 d6 e2 3d d6 e2 77 d6
13e0  e5 f4 d6 e6 13 d6 e8 07  af 81 4a f3 d0 00 68 fe
13f0  78 ff 06 e7 08 82 46 a0  e6 82 56 8d e0 99 82 53
1400  2e f3 e9 00 d6 e2 b8 00  4e d6 ee 5c d6 e4 ab d6
1410  e5 1d d6 f1 09 d6 e5 1d  d6 e3 da d6 f1 09 d6 e2
1420  b8 01 00 d6 f3 a7 d6 e2  08 d6 e3 9a d6 e5 aa d6
1430  ed 54 d6 e2 b8 00 02 d6  e4 c8 f4 0f af 85 53 54
1440  41 43 4b f3 fe 00 d6 f1  57 d6 ef 06 d6 ef 12 f4
1450  59 d6 f4 04 d6 ef 2f f4  64 d6 e2 21 04 4c 45 45
1460  52 d6 ef 43 af f4 3d d6  e9 b8 af f4 3d 00 d6 e5
1470  48 d6 e5 9a d6 e3 1f d6  e2 b8 00 0d d6 e3 a7 d6
1480  e5 70 f4 8f d6 ed 54 d6  e5 aa d6 e5 7c f4 71 d6
1490  e2 08 d6 e2 21 05 45 4e  54 45 52 af 00 00 00 00
