0000  8d 89 c9 ff ff ff ff ff  ff ff ff ff ff ff ff ff
0010  70 fd 31 60 0c fc 18 5c  90 e1 90 e1 04 5c e1 10
0020  e1 10 e1 04 5b e1 28 5a  92 20 0c 60 1c 00 92 10
0030  18 5c 28 5c 02 22 02 12  06 e1 94 0c 80 ec 62 83
0040  e0 83 e0 83 e0 04 5b e3  16 e2 00 04 5b e3 16 e2
0050  00 18 5a f0 e1 08 e1 56  e0 0f 56 e1 f0 cf 10 e1
0060  10 e0 06 e1 98 16 e0 80  ec 10 76 03 04 eb fb 82
0070  50 92 52 a0 e0 a0 e2 82  50 92 52 a0 e0 06 e3 27
0080  16 e2 00 4a 08 4c 03 06  e3 08 16 e2 00 ea db 50
0090  fd af ff ff 40 00 03 42  a8 02 45 50 01 48 00 03
00a0  4a a8 02 4d 50 01 50 00  03 52 a8 02 55 50 01 58
00b0  00 03 5a a8 02 5d 50 01  00 00 00 00 00 00 00 00
00c0  00 00 00 00 00 00 00 00  00 00 00 00 00 00 00 00
00d0  00 00 00 00 00 00 00 00  00 00 00 00 00 00 00 00
00e0  00 00 00 00 00 00 00 00  00 00 00 00 00 00 00 00
00f0  00 00 00 00 00 00 00 00  ff ff ff ff ff ff ff ff
0100  ff ff ff ff ff ff ff ff  ff ff ff ff ff ff ff ff
0110  ff ff ff ff ff ff ff ff  00 00 03 c0 0e 70 18 18
0120  30 0c 30 0c 60 06 60 06  60 06 60 06 30 0c 30 0c
0130  18 18 0e 70 03 c0 00 00  ff ff fc 3f f0 0f e0 07
0140  c0 03 c0 03 80 01 80 01  80 01 80 01 c0 03 c0 03
0150  e0 07 f0 0f fc 3f ff ff  00 00 03 c0 0f f0 1f f8
0160  3f fc 3f fc 7f fe 7f fe  7f fe 7f fe 3f fc 3f fc
0170  1f f8 0f f0 03 c0 00 00  ff ff fc 3f f1 8f e7 e7
0180  cf f3 cf f3 9f f9 9f f9  9f f9 9f f9 cf f3 cf f3
0190  e7 e7 f1 8f fc 3f ff ff  00 00 00 00 00 00 01 80
01a0  03 c0 03 c0 01 80 00 00  00 00 01 80 03 c0 03 c0
01b0  01 80 00 00 00 00 00 00  00 00 03 c0 0e 70 18 78
01c0  18 78 30 cc 30 cc 31 8c  31 8c 33 0c 33 0c 1e 18
01d0  1e 18 0e 70 03 c0 00 00  00 00 01 80 03 80 07 80
01e0  0d 80 19 80 01 80 01 80  01 80 01 80 01 80 01 80
01f0  01 80 01 80 1f f8 00 00  00 00 03 c0 0e 70 18 18
0200  30 0c 20 0c 00 0c 00 18  00 f0 03 80 0e 00 18 00
0210  30 04 30 0c 3f fc 00 00  00 00 07 c0 1c 70 30 18
0220  00 0c 00 0c 00 18 03 f0  00 38 00 0c 00 0c 20 0c
0230  30 18 1c 70 07 c0 00 00  00 00 00 c0 01 80 03 00
0240  06 00 0c 00 18 c0 18 c0  18 c0 1f f8 00 c0 00 c0
0250  00 c0 00 c0 01 e0 00 00  00 00 3f f8 30 00 30 00
0260  30 00 30 00 3f e0 00 70  00 18 00 0c 00 0c 00 0c
0270  30 18 1c 70 07 c0 00 00  00 00 00 f8 03 80 0e 00
0280  18 00 18 00 33 e0 3e 70  30 18 30 0c 30 0c 30 0c
0290  18 18 0e 70 03 c0 00 00  00 00 1f f8 1c 18 18 18
02a0  10 18 00 30 00 60 00 c0  00 c0 01 80 01 80 01 80
02b0  01 80 01 80 03 c0 00 00  00 00 03 c0 0e 70 18 18
02c0  18 18 18 18 0c 30 07 e0  0c 30 18 18 18 18 18 18
02d0  18 18 0e 70 03 c0 00 00  00 00 03 c0 0e 70 18 18
02e0  18 18 18 18 0c 18 07 f8  00 18 00 30 00 30 00 60
02f0  00 c0 03 80 07 00 00 00  00 00 01 80 03 c0 06 60
0300  0c 30 0c 30 18 18 18 18  18 18 1f f8 18 18 18 18
0310  18 18 18 18 3c 3c 00 00  00 00 3f c0 18 70 18 18
0320  18 0c 18 0c 18 18 1f f0  18 18 18 0c 18 0c 18 0c
0330  18 18 18 70 3f c0 00 00  00 00 03 c0 0e 70 18 18
0340  18 0c 30 00 30 00 30 00  30 00 30 00 30 00 18 0c
0350  18 18 0e 70 03 c0 00 00  00 00 3f 80 18 e0 18 30
0360  18 18 18 0c 18 0c 18 0c  18 0c 18 0c 18 0c 18 18
0370  18 30 18 e0 3f 80 00 00  00 00 3f fc 18 0c 18 04
0380  18 00 18 00 18 40 1f c0  18 40 18 00 18 00 18 00
0390  18 04 18 0c 3f fc 00 00  00 00 3f fc 18 0c 18 04
03a0  18 00 18 00 18 40 1f c0  18 40 18 00 18 00 18 00
03b0  18 00 18 00 3c 00 00 00  00 00 03 e0 0e 38 18 0c
03c0  18 04 30 00 30 00 30 fc  30 0c 30 0c 30 0c 18 0c
03d0  18 1c 0e 6c 03 cc 00 00  00 00 3c 3c 18 18 18 18
03e0  18 18 18 18 18 18 1f f8  18 18 18 18 18 18 18 18
03f0  18 18 18 18 3c 3c 00 00  00 00 07 e0 01 80 01 80
0400  01 80 01 80 01 80 01 80  01 80 01 80 01 80 01 80
0410  01 80 01 80 07 e0 00 00  00 00 3c 00 18 00 18 00
0420  18 00 18 00 18 00 18 00  18 00 18 00 18 00 18 00
0430  18 04 18 0c 3f fc 00 00  00 00 03 c0 0e 70 18 18
0440  18 18 30 0c 30 0c 30 0c  30 0c 30 0c 30 0c 18 18
0450  18 18 0e 70 03 c0 00 00  00 00 3f c0 18 70 18 18
0460  18 0c 18 0c 18 18 18 70  1f c0 18 00 18 00 18 00
0470  18 00 18 00 3c 00 00 00  00 00 07 e0 1c 38 30 0c
0480  30 04 30 00 18 00 0f 80  01 f0 00 18 00 0c 20 0c
0490  30 0c 1c 38 07 e0 00 00  00 00 3f fc 31 8c 21 84
04a0  01 80 01 80 01 80 01 80  01 80 01 80 01 80 01 80
04b0  01 80 01 80 03 c0 00 00  00 00 3f fc 30 0c 20 18
04c0  00 30 00 60 00 c0 01 80  03 00 06 00 0c 00 18 00
04d0  30 04 30 0c 3f fc 00 00  00 00 00 00 00 00 00 00
04e0  00 00 00 00 00 00 00 00  00 00 03 fc 00 03 f8 00
04f0  03 f0 00 03 f8 00 03 fc  00 03 fe 00 03 7f 00 02
0500  3e 00 00 1c 00 00 08 00  ff ff 00 fc 3f 00 f0 0f
0510  00 e0 07 00 c0 03 00 c0  03 00 80 01 00 80 01 00
0520  80 01 00 80 01 00 c0 03  00 c0 03 00 e0 07 00 f0
0530  0f 00 fc 3f 00 ff ff 00  e6 4b 08 e6 4c 84 e6 4d
0540  d8 e6 52 85 e6 53 08 8d  08 30 31 20 b0 5c 0c 85
0550  1c 71 b0 5b 2c 5a 83 20  44 5a 5a 6b 13 a6 5a 8d
0560  6b 0a d6 80 10 20 5b a6  5b 14 7b e8 20 5c 8b e2
0570  af 01 01 01 1d 01 20 01  1a 01 17 01 1c 01 1c 01
0580  1d 8d 8d 01 13 14 15 16  17 18 19 1a 8d 0a 03 02
0590  03 02 03 02 03 02 0a 01  06 08 8d 0b 02 03 02 03
05a0  02 03 02 03 0b 01 04 08  8d 0c 03 02 03 02 03 02
05b0  03 02 0c 8d 0d 02 03 02  05 06 03 02 03 0d 01 21
05c0  17 1b 1c 17 01 08 8d 0e  03 02 03 06 05 02 03 02
05d0  0e 01 1f 1e 13 1c 20 17  08 8d 0f 02 03 02 03 02
05e0  03 02 03 0f 8d 10 03 02  03 02 03 02 03 02 10 8d
05f0  11 02 03 02 03 02 03 02  03 11 8d 01 13 14 15 16
0600  17 18 19 1a 00 31 50 ac  0c d6 19 05 cc 07 bc 21
0610  d6 08 2d 28 53 69 65 29  0d 0d 00 bc 21 d6 08 2d
0620  28 49 63 68 29 00 cc 13  bc 16 d6 08 2d 43 6f 70
0630  79 72 69 67 68 74 20 62  79 0d 00 bc 16 d6 08 2d
0640  53 49 4e 47 45 52 2d 53  4f 46 54 3a 0d 00 bc 16
0650  d6 08 2d 20 54 68 6f 6d  61 73 20 53 69 6e 67 65
0660  72 0d 00 bc 16 d6 08 2d  20 20 20 20 20 20 20 20
0670  20 20 20 20 20 20 0d 00  bc 16 d6 08 2d 20 20 20
0680  20 20 20 20 43 68 65 6d  6e 69 74 7a 00 8d 85 4a
0690  31 10 28 34 38 35 d6 01  82 e6 5b 0d bc 17 e3 4b
06a0  a6 e4 30 eb 11 be a6 eb  1a 7b f3 49 5a 26 5a 27
06b0  d6 80 10 20 5b af d6 86  ab be e3 4b a6 eb 1a 7b
06c0  f5 af e6 5c 03 e4 30 34  e4 31 35 d6 86 90 20 5c
06d0  e4 32 34 e4 33 35 8d 86  90 70 fd 31 60 8b 03 56
06e0  6c 7f d9 5f d6 08 1b d9  13 42 dd 6b f2 0c 1f 52
06f0  0c f8 60 42 ff eb fc a4  6d 5f 6b 05 56 6c 7f 8b
0700  19 42 cc 5b 15 fc 80 d6  08 1b 42 dd 6b d1 a4 6d
0710  5f eb cc 42 ff eb f0 46  6c 80 6b fe 50 fd af b0
0720  4e e4 38 4f f0 4f 56 4f  70 06 4f 10 b0 50 e4 39
0730  51 f0 51 56 51 70 06 51  30 e6 5b 12 e6 5c 06 e4
0740  39 5a 06 5a 0a d6 80 10  20 5c e4 38 5a 06 5a 13
0750  d6 80 10 d6 85 38 d6 86  c2 d6 86 d9 d6 08 33 a6
0760  13 0e eb 02 df af a6 13  0d eb 01 af a6 13 31 7b
0770  22 a6 13 39 fb 08 26 13  31 e4 13 39 8b a1 56 13
0780  df a6 13 41 7b f6 a6 13  49 fb f1 26 13 41 e4 13
0790  38 8b e9 a6 13 01 eb 12  44 38 38 6b df 00 38 e6
07a0  3a fe e6 3b 00 d6 87 e0  8b d2 a6 13 02 eb 0c a6
07b0  38 07 fb c8 20 38 e6 3a  02 8b e7 a6 13 03 eb 0f
07c0  44 39 39 6b b7 00 39 e6  3b fe e6 3a 00 8b d6 a6
07d0  13 04 eb a8 a6 39 07 fb  a3 20 39 e6 3b 02 8b ea
07e0  04 3a 4f 04 3b 51 d6 85  38 76 03 04 6b fb d6 08
07f0  33 76 4f 0f eb ea 76 51  0f eb e5 af 31 20 0c fc
0800  1c 3d e6 5c 03 2c 08 3c  08 e6 5b 01 4c 5a 83 40
0810  d6 86 b0 3a f7 06 e1 0c  20 5c 2a eb af e4 39 3b
0820  90 3b 90 3b 04 39 3b 90  3b 90 3b 04 38 3b e6 3a
0830  fc 06 3b 3d af 31 20 82  30 56 e3 3e a2 32 af e6
0840  3c ff 31 20 08 3a 18 3b  20 3c 04 3d e1 d6 88 35
0850  6b f6 4c 0a 22 42 a2 43  6b 02 b0 3c af d6 88 3f
0860  44 3c 3c 6b f7 08 3a 18  3b 04 3d e1 d6 88 35 eb
0870  eb 82 50 56 e5 01 42 54  92 50 8b ed eb ec ed ff
0880  01 13 14 15 31 20 cc 88  dc 7c ec 08 fc 00 bc 3d
0890  83 bc d6 88 3f 04 3c 2f  ea f4 f9 3c af 31 20 cc
08a0  88 dc 7c ec 08 bc 3d 83  bc d6 88 5d ea f7 af 31
08b0  20 2c 02 d6 88 1d 08 3a  18 3b d6 88 35 6b 16 e6
08c0  f3 23 e6 f2 70 e6 f1 8a  e6 6f 30 44 6f 6f eb fb
08d0  e6 f1 02 df af 2c 04 d6  88 84 42 ff 6b e1 04 3c
08e0  31 16 30 00 08 3a 18 3b  82 50 56 e5 01 42 54 92
08f0  50 d6 88 9d d6 87 fc cf  af 31 20 e6 36 3d b0 37
0900  e6 3a fc e6 3b 3c e6 3e  08 e6 3f 08 20 3b 08 3a
0910  18 3b 2c 02 d6 88 35 6b  12 00 3f eb ef 06 3b 0c
0920  00 3e eb e5 44 37 37 eb  1e df af 2c 06 d6 88 84
0930  a4 37 3c 7b e4 eb 08 d6  08 36 76 74 01 6b da e4
0940  3b 36 e4 3c 37 8b d2 04  37 33 16 32 00 e4 36 3b
0950  e6 22 06 d6 88 9d 0c fc  18 36 82 50 56 e5 01 42
0960  54 92 50 d6 87 fc cf af  31 20 e6 3a fc e6 3b 3c
0970  e6 3e 08 e6 3f 08 20 3b  08 3a 18 3b 2c 02 d6 88
0980  35 6b 0d 00 3f eb ef 06  3b 0c 00 3e eb e5 df af
0990  2c 04 d6 88 84 44 3c 3c  6b e9 cf af b0 30 b0 31
09a0  b0 32 b0 33 b0 4a d6 86  05 e6 38 04 e6 39 04 d6
09b0  87 1f fb 01 af d6 88 af  7b f5 d6 88 f9 7b 09 d6
09c0  86 c2 d6 89 68 fb e8 cf  af d6 89 9c 7b 38 d6 86
09d0  d9 d6 08 2d 0c 00 e6 5b  05 e6 5c 0c d6 08 2d 4e
09e0  6f 63 68 20 65 69 6e 20  53 70 69 65 6c 20 28 4a
09f0  2f 4e 29 20 3f 00 d6 08  1e 56 13 5f a6 13 4a 6b
0a00  c8 a6 13 4e eb f0 d6 08  2d 0c 20 20 20 20 20 20
0a10  20 20 20 41 75 66 20 57  69 65 64 65 72 73 65 68
0a20  65 6e 21 0d 00 af 46 00  07 07 77 77 07 07 60 60
0a30  67 77 07 77 77 07 07 06  06 00 75 55 77 77 07 00
0a40  60 60 60 75 55 77 77 07  77 07 07 00 75 55 77 77
0a50  00 00 07 07 60 75 55 77  77 77 77 00 07 00 75 55
0a60  77 77 77 77 77 77 07 70  77 77 77 77 77 77 70 00
0a70  00 77 77 77 77 77 77 70  00 00 77 77 77 77 00 00
0a80  00 00 00 00 00 00 00 00  00 00 00 00 00 00 00 00
0a90  00 00 00 00 00 00 00 00  00 00 00 00 00 00 00 00
